To honour the JVM settings for this build a single-use Daemon process will be forked. For more on this, please refer to https://docs.gradle.org/9.4.1/userguide/gradle_daemon.html#sec:disabling_the_daemon in the Gradle documentation.
Daemon will be stopped at the end of the build 
Reusing configuration cache.
> Task :mili-server:checkKotlinGradlePluginConfigurationErrors SKIPPED

> Task :mili-api:compileJava
注: 某些输入文件使用或覆盖了已过时的 API。
注: 有关详细信息, 请使用 -Xlint:deprecation 重新编译。
注: 某些输入文件使用或覆盖了标记为待删除的已过时 API。
注: 有关详细信息, 请使用 -Xlint:removal 重新编译。
注: 某些输入文件使用了未经检查或不安全的操作。
注: 有关详细信息, 请使用 -Xlint:unchecked 重新编译。

> Task :mili-server:compileKotlin NO-SOURCE
> Task :mili-server:compileJava
注: 某些输入文件使用或覆盖了已过时的 API。
注: 有关详细信息, 请使用 -Xlint:deprecation 重新编译。
注: 某些输入文件使用或覆盖了标记为待删除的已过时 API。
注: 有关详细信息, 请使用 -Xlint:removal 重新编译。
注: 某些输入文件使用了未经检查或不安全的操作。
注: 有关详细信息, 请使用 -Xlint:unchecked 重新编译。

[Incubating] Problems report is available at: file:///E:/Program%20Files/Tencent/AndrowsData/Mili/build/reports/problems/problems-report.html

BUILD SUCCESSFUL in 2m 20s
2 actionable tasks: 2 executed
Configuration cache entry reused.
