#
# There is insufficient memory for the Java Runtime Environment to continue.
# Native memory allocation (mmap) failed to map 65536 bytes. Error detail: Failed to commit metaspace.
# Possible reasons:
#   The system is out of physical RAM or swap space
#   This process is running with CompressedOops enabled, and the Java Heap may be blocking the growth of the native heap
# Possible solutions:
#   Reduce memory load on the system
#   Increase physical memory or swap space
#   Check if swap backing store is full
#   Decrease Java heap size (-Xmx/-Xms)
#   Decrease number of Java threads
#   Decrease Java thread stack sizes (-Xss)
#   Set larger code cache with -XX:ReservedCodeCacheSize=
#   JVM is running with Unscaled Compressed Oops mode in which the Java heap is
#     placed in the first 4GB address space. The Java Heap base address is the
#     maximum limit for the native heap growth. Please use -XX:HeapBaseMinAddress
#     to set the Java Heap base and to place the Java Heap above 4GB virtual address.
# This output file may be truncated or incomplete.
#
#  Out of Memory Error (virtualSpaceNode.cpp:113), pid=11944, tid=18040
#
# JRE version: Java(TM) SE Runtime Environment (25.0.4+7) (build 25.0.4+7-LTS-189)
# Java VM: Java HotSpot(TM) 64-Bit Server VM (25.0.4+7-LTS-189, mixed mode, sharing, tiered, compressed oops, compressed class ptrs, serial gc, windows-amd64)
# No core dump will be written. Minidumps are not enabled by default on client versions of Windows
#

---------------  S U M M A R Y ------------

Command Line: -Xmx64m -Xms64m -Dorg.gradle.appname=gradlew -Xms128M -Xmx512M -XX:+UseSerialGC E:\Program Files\Tencent\AndrowsData\Mili\\gradle\wrapper\gradle-wrapper.jar --stop

Host: Intel(R) Xeon(R) CPU E5-1620 v3 @ 3.50GHz, 8 cores, 7G,  Windows 10 , 64 bit Build 19041 (10.0.19041.2913)
Time: Tue Aug 25 19:57:56 2026 elapsed time: 0.478273 seconds (0d 0h 0m 0s)

---------------  T H R E A D  ---------------

Current thread (0x00000000026ce3a0):  JavaThread "C1 CompilerThread0" daemon [_thread_in_vm, id=18040, stack(0x000000001aa60000,0x000000001ab60000) (1024K)]


Current CompileTask:
C1:478  708       3       java.lang.invoke.LambdaForm::argument (27 bytes)

Stack: [0x000000001aa60000,0x000000001ab60000]
Native frames: (J=compiled Java code, j=interpreted, Vv=VM code, C=native code)
V  [jvm.dll+0x7a8819]  (no source info available)
V  [jvm.dll+0x7743dd]  (no source info available)
V  [jvm.dll+0x967693]  (no source info available)
V  [jvm.dll+0x969c91]  (no source info available)
V  [jvm.dll+0x96a3a3]  (no source info available)
V  [jvm.dll+0x2fd0b6]  (no source info available)
V  [jvm.dll+0x96455e]  (no source info available)
V  [jvm.dll+0x73f544]  (no source info available)
V  [jvm.dll+0x73f5aa]  (no source info available)
V  [jvm.dll+0x741e99]  (no source info available)
V  [jvm.dll+0x741c25]  (no source info available)
V  [jvm.dll+0x29ba72]  (no source info available)
V  [jvm.dll+0x73ff6e]  (no source info available)
V  [jvm.dll+0x753ada]  (no source info available)
V  [jvm.dll+0x74c4e9]  (no source info available)
V  [jvm.dll+0x267493]  (no source info available)
V  [jvm.dll+0x267678]  (no source info available)
V  [jvm.dll+0x1d162f]  (no source info available)
V  [jvm.dll+0x1d1470]  (no source info available)
V  [jvm.dll+0x1c8f61]  (no source info available)
V  [jvm.dll+0x1cb1b8]  (no source info available)
V  [jvm.dll+0x1c97fa]  (no source info available)
V  [jvm.dll+0x1c2f27]  (no source info available)
V  [jvm.dll+0x1d3113]  (no source info available)
V  [jvm.dll+0x1be5f1]  (no source info available)
V  [jvm.dll+0x1be9f3]  (no source info available)
V  [jvm.dll+0x1bed6e]  (no source info available)
V  [jvm.dll+0x1be0b1]  (no source info available)
V  [jvm.dll+0x1bff2d]  (no source info available)
V  [jvm.dll+0x2d0376]  (no source info available)
V  [jvm.dll+0x2ce5f5]  (no source info available)
V  [jvm.dll+0x48f6b1]  (no source info available)
V  [jvm.dll+0x90877d]  (no source info available)
V  [jvm.dll+0x7a6dc5]  (no source info available)
C  [ucrtbase.dll+0x21bb2]  (no source info available)
C  [KERNEL32.DLL+0x17614]  (no source info available)
C  [ntdll.dll+0x526a1]  (no source info available)

Lock stack of current Java thread (top to bottom):


---------------  P R O C E S S  ---------------

Threads class SMR info:
_java_thread_list=0x000000001f231470, length=12, elements={
0x0000000000483be0, 0x00000000026aed50, 0x00000000026b1960, 0x00000000026b42c0,
0x00000000026b8490, 0x00000000026b9d10, 0x00000000026bcca0, 0x00000000026c0270,
0x00000000026ce3a0, 0x00000000027595a0, 0x0000000002776430, 0x000000001f236d60
}

Java Threads: ( => current thread )
  0x0000000000483be0 JavaThread "main"                              [_thread_in_vm, id=27368, stack(0x0000000002180000,0x0000000002280000) (1024K)]
  0x00000000026aed50 JavaThread "Reference Handler"          daemon [_thread_blocked, id=59288, stack(0x000000001a360000,0x000000001a460000) (1024K)]
  0x00000000026b1960 JavaThread "Finalizer"                  daemon [_thread_blocked, id=65240, stack(0x000000001a460000,0x000000001a560000) (1024K)]
  0x00000000026b42c0 JavaThread "Signal Dispatcher"          daemon [_thread_blocked, id=4424, stack(0x000000001a560000,0x000000001a660000) (1024K)]
  0x00000000026b8490 JavaThread "Attach Listener"            daemon [_thread_blocked, id=62184, stack(0x000000001a660000,0x000000001a760000) (1024K)]
  0x00000000026b9d10 JavaThread "Service Thread"             daemon [_thread_blocked, id=46960, stack(0x000000001a760000,0x000000001a860000) (1024K)]
  0x00000000026bcca0 JavaThread "Monitor Deflation Thread"   daemon [_thread_blocked, id=33132, stack(0x000000001a860000,0x000000001a960000) (1024K)]
  0x00000000026c0270 JavaThread "C2 CompilerThread0"         daemon [_thread_blocked, id=30760, stack(0x000000001a960000,0x000000001aa60000) (1024K)]
=>0x00000000026ce3a0 JavaThread "C1 CompilerThread0"         daemon [_thread_in_vm, id=18040, stack(0x000000001aa60000,0x000000001ab60000) (1024K)]
  0x00000000027595a0 JavaThread "Notification Thread"        daemon [_thread_blocked, id=48928, stack(0x000000001ab60000,0x000000001ac60000) (1024K)]
  0x0000000002776430 JavaThread "Common-Cleaner"             daemon [_thread_blocked, id=58432, stack(0x000000001ac60000,0x000000001ad60000) (1024K)]
  0x000000001f236d60 JavaThread "C2 CompilerThread1"         daemon [_thread_blocked, id=2848, stack(0x000000001ae10000,0x000000001af10000) (1024K)]
Total: 12

Other Threads:
  0x00000000026a3900 VMThread "VM Thread"                           [id=4008, stack(0x0000000002910000,0x0000000002a10000) (1024K)]
  0x0000000002b7c090 WatcherThread "VM Periodic Task Thread"        [id=59300, stack(0x0000000002810000,0x0000000002910000) (1024K)]
Total: 2

Threads with active compile tasks:
C1 CompilerThread0  532  708       3       java.lang.invoke.LambdaForm::argument (27 bytes)
Total: 1

VM state: not at safepoint (normal execution)

VM Mutex/Monitor currently owned by a thread:  ([mutex/lock_event])
[0x00007ff846da84c8] Metaspace_lock - owner thread: 0x00000000026ce3a0

OutOfMemory and StackOverflow Exception counts:
OutOfMemoryError java_heap_errors=1
LinkageErrors=4

Heap address: 0x00000000e0000000, size: 512 MB, Compressed Oops mode: 32-bit

CDS archive(s) mapped at: [0x0000000036000000-0x0000000036dd0000-0x0000000036dd0000), size 14483456, SharedBaseAddress: 0x0000000036000000, ArchiveRelocationMode: 1.
Compressed class space mapped at: 0x0000000037000000-0x0000000077000000, reserved size: 1073741824
UseCompressedClassPointers 1, UseCompactObjectHeaders 0
Narrow klass pointer bits 32, Max shift 3
Narrow klass base: 0x0000000036000000, Narrow klass shift: 0
Encoding Range: [0x0000000036000000 - 0x0000000136000000), (4294967296 bytes)
Klass Range:    [0x0000000036010000 - 0x0000000077000000), (1090453504 bytes)
Klass ID Range:  [65536 - 1090519033) (1090453497)
Protection zone: [0x0000000036000000 - 0x0000000036010000), (65536 bytes)

GC Precious Log:
 CardTable entry size: 512
 CPUs: 8 total, 8 available
 Memory: 8033M
 Large Page Support: Disabled
 NUMA Support: Disabled
 Compressed Oops: Enabled (32-bit)
 Heap Min Capacity: 128M
 Heap Initial Capacity: 128M
 Heap Max Capacity: 512M
 Pre-touch: Disabled

Heap:
 DefNew     total 39296K, used 18093K [0x00000000e0000000, 0x00000000e2aa0000, 0x00000000eaaa0000)
  eden space 34944K,  51% used [0x00000000e0000000, 0x00000000e11ab668, 0x00000000e2220000)
  from space 4352K,   0% used [0x00000000e2220000, 0x00000000e2220000, 0x00000000e2660000)
  to   space 4352K,   0% used [0x00000000e2660000, 0x00000000e2660000, 0x00000000e2aa0000)
 Tenured    total 87424K, used 1174K [0x00000000eaaa0000, 0x00000000f0000000, 0x0000000100000000)
  the  space 87424K,   1% used [0x00000000eaaa0000, 0x00000000eabc58c0, 0x00000000f0000000)

Card table byte_map: [0x0000000002460000,0x0000000002560000] _byte_map_base: 0x0000000001d60000

Polling page: 0x00000000006a0000

Metaspace:
Metaspace        used 2321K, committed 2496K, reserved 1114112K
 class space     used 227K, committed 320K, reserved 1048576K

Usage:
  Non-class:      2.04 MB used.
      Class:    227.94 KB used.
       Both:      2.27 MB used.

Virtual space:
  Non-class space:       64.00 MB reserved,       2.12 MB (  3%) committed,  1 nodes.
      Class space:        1.00 GB reserved,     320.00 KB ( <1%) committed,  1 nodes.
             Both:        1.06 GB reserved,       2.44 MB ( <1%) committed. 

Chunk freelists:
   Non-Class:  11.30 MB
       Class:  15.61 MB
        Both:  26.91 MB

MaxMetaspaceSize: unlimited
CompressedClassSpaceSize: 1.00 GB
Initial GC threshold: 21.00 MB
Current GC threshold: 21.00 MB
CDS: on
 - commit_granule_bytes: 65536.
 - commit_granule_words: 8192.
 - virtual_space_node_default_size: 8388608.
 - enlarge_chunks_in_place: 1.
UseCompressedClassPointers 1, UseCompactObjectHeaders 0
Narrow klass pointer bits 32, Max shift 3
Narrow klass base: 0x0000000036000000, Narrow klass shift: 0
Encoding Range: [0x0000000036000000 - 0x0000000136000000), (4294967296 bytes)
Klass Range:    [0x0000000036010000 - 0x0000000077000000), (1090453504 bytes)
Klass ID Range:  [65536 - 1090519033) (1090453497)
Protection zone: [0x0000000036000000 - 0x0000000036010000), (65536 bytes)


Internal statistics:

num_allocs_failed_limit: 0.
num_arena_births: 32.
num_arena_deaths: 0.
num_vsnodes_births: 2.
num_vsnodes_deaths: 0.
num_space_committed: 39.
num_space_uncommitted: 0.
num_chunks_returned_to_freelist: 0.
num_chunks_taken_from_freelist: 74.
num_chunk_merges: 0.
num_chunk_splits: 50.
num_chunks_enlarged: 39.
num_inconsistent_stats: 0.

CodeHeap 'non-profiled nmethods': size=120064Kb used=198Kb max_used=198Kb free=119865Kb
 bounds [0x0000000012e20000, 0x0000000013090000, 0x000000001a360000]
CodeHeap 'profiled nmethods': size=120000Kb used=941Kb max_used=941Kb free=119059Kb
 bounds [0x000000000b360000, 0x000000000b5d0000, 0x0000000012890000]
CodeHeap 'non-nmethods': size=5696Kb used=1257Kb max_used=1275Kb free=4438Kb
 bounds [0x0000000012890000, 0x0000000012b00000, 0x0000000012e20000]
CodeCache: size=245760Kb, used=2396Kb, max_used=2414Kb, free=243362Kb
 total_blobs=1156, nmethods=707, adapters=355, full_count=0
Compilation: enabled, stopped_count=0, restarted_count=0

Compilation events (20 events):
Event: 0.469 Thread 0x00000000026ce3a0 nmethod 696 0x000000000b445e08 code [0x000000000b445f00, 0x000000000b4460d0]
Event: 0.469 Thread 0x00000000026ce3a0  698       3       jdk.internal.classfile.impl.BufWriterImpl::cpIndex (33 bytes)
Event: 0.470 Thread 0x00000000026ce3a0 nmethod 698 0x000000000b446108 code [0x000000000b446200, 0x000000000b4472e0]
Event: 0.470 Thread 0x00000000026ce3a0  699       3       java.util.Optional::orElse (16 bytes)
Event: 0.470 Thread 0x00000000026ce3a0 nmethod 699 0x000000000b447308 code [0x000000000b447400, 0x000000000b447570]
Event: 0.470 Thread 0x00000000026ce3a0  700       3       java.util.concurrent.ConcurrentHashMap$Traverser::advance (188 bytes)
Event: 0.470 Thread 0x00000000026ce3a0 nmethod 700 0x000000000b447608 code [0x000000000b447700, 0x000000000b4480f0]
Event: 0.470 Thread 0x00000000026ce3a0  701       3       jdk.internal.jimage.ImageStringsReader::unmaskedHashCode (166 bytes)
Event: 0.471 Thread 0x00000000026ce3a0 nmethod 701 0x000000000b448108 code [0x000000000b448200, 0x000000000b448e90]
Event: 0.471 Thread 0x00000000026ce3a0  702       3       java.util.concurrent.ConcurrentHashMap$BaseIterator::hasNext (13 bytes)
Event: 0.471 Thread 0x00000000026ce3a0 nmethod 702 0x000000000b448f08 code [0x000000000b449000, 0x000000000b449158]
Event: 0.475 Thread 0x00000000026ce3a0  703   !   3       java.net.URLClassLoader::findClass (77 bytes)
Event: 0.476 Thread 0x00000000026ce3a0 nmethod 703 0x000000000b449208 code [0x000000000b449300, 0x000000000b44a9c8]
Event: 0.476 Thread 0x00000000026ce3a0  704   !   3       java.util.jar.JarFile::isMultiRelease (33 bytes)
Event: 0.477 Thread 0x00000000026ce3a0 nmethod 704 0x000000000b44aa08 code [0x000000000b44ab00, 0x000000000b44acf8]
Event: 0.477 Thread 0x00000000026ce3a0  705       3       java.lang.Integer::valueOf (32 bytes)
Event: 0.477 Thread 0x00000000026ce3a0 nmethod 705 0x000000000b44ad08 code [0x000000000b44ae00, 0x000000000b44b0f0]
Event: 0.477 Thread 0x00000000026ce3a0  706       3       java.lang.invoke.MemberName::getReferenceKind (12 bytes)
Event: 0.477 Thread 0x00000000026ce3a0 nmethod 706 0x000000000b44b108 code [0x000000000b44b200, 0x000000000b44b318]
Event: 0.477 Thread 0x00000000026ce3a0  708       3       java.lang.invoke.LambdaForm::argument (27 bytes)

GC Heap Usage History (0 events):
No events

Metaspace Usage History (0 events):
No events

Dll operation events (6 events):
Event: 0.012 Loaded shared library C:\Users\Administrator\Downloads\jdk-25_windows-x64_bin\jdk-25.0.4\bin\java.dll
Event: 0.108 Loaded shared library C:\Users\Administrator\Downloads\jdk-25_windows-x64_bin\jdk-25.0.4\bin\net.dll
Event: 0.113 Loaded shared library C:\Users\Administrator\Downloads\jdk-25_windows-x64_bin\jdk-25.0.4\bin\nio.dll
Event: 0.118 Loaded shared library C:\Users\Administrator\Downloads\jdk-25_windows-x64_bin\jdk-25.0.4\bin\zip.dll
Event: 0.126 Loaded shared library C:\Users\Administrator\Downloads\jdk-25_windows-x64_bin\jdk-25.0.4\bin\verify.dll
Event: 0.349 Loaded shared library C:\Users\Administrator\Downloads\jdk-25_windows-x64_bin\jdk-25.0.4\bin\jimage.dll

Deoptimization events (20 events):
Event: 0.474 Thread 0x0000000000483be0 Uncommon trap: trap_request=0xffffff45 fr.pc=0x0000000012e4e108 relative=0x0000000000000488
Event: 0.474 Thread 0x0000000000483be0 Uncommon trap: reason=unstable_if action=reinterpret pc=0x0000000012e4e108 method=java.io.WinNTFileSystem.normalize(Ljava/lang/String;)Ljava/lang/String; @ 45 c2
Event: 0.474 Thread 0x0000000000483be0 DEOPT PACKING pc=0x0000000012e4e108 sp=0x000000000227d8b0
Event: 0.474 Thread 0x0000000000483be0 DEOPT UNPACKING pc=0x00000000129a8782 sp=0x000000000227d838 mode 2
Event: 0.474 Thread 0x0000000000483be0 Uncommon trap: trap_request=0xffffff45 fr.pc=0x0000000012e4565c relative=0x000000000000005c
Event: 0.474 Thread 0x0000000000483be0 Uncommon trap: reason=unstable_if action=reinterpret pc=0x0000000012e4565c method=java.io.WinNTFileSystem.isSlash(C)Z @ 9 c2
Event: 0.474 Thread 0x0000000000483be0 DEOPT PACKING pc=0x0000000012e4565c sp=0x000000000227d6b0
Event: 0.474 Thread 0x0000000000483be0 DEOPT UNPACKING pc=0x00000000129a8782 sp=0x000000000227d638 mode 2
Event: 0.475 Thread 0x0000000000483be0 Uncommon trap: trap_request=0xffffffde fr.pc=0x0000000012e3ada8 relative=0x0000000000000628
Event: 0.475 Thread 0x0000000000483be0 Uncommon trap: reason=class_check action=maybe_recompile pc=0x0000000012e3ada8 method=java.util.Properties$LineReader.readLine()I @ 70 c2
Event: 0.475 Thread 0x0000000000483be0 DEOPT PACKING pc=0x0000000012e3ada8 sp=0x000000000227db10
Event: 0.475 Thread 0x0000000000483be0 DEOPT UNPACKING pc=0x00000000129a8782 sp=0x000000000227da88 mode 2
Event: 0.475 Thread 0x0000000000483be0 Uncommon trap: trap_request=0xffffff45 fr.pc=0x0000000012e3aca4 relative=0x0000000000000524
Event: 0.475 Thread 0x0000000000483be0 Uncommon trap: reason=unstable_if action=reinterpret pc=0x0000000012e3aca4 method=java.util.Properties$LineReader.readLine()I @ 430 c2
Event: 0.475 Thread 0x0000000000483be0 DEOPT PACKING pc=0x0000000012e3aca4 sp=0x000000000227db10
Event: 0.475 Thread 0x0000000000483be0 DEOPT UNPACKING pc=0x00000000129a8782 sp=0x000000000227da90 mode 2
Event: 0.475 Thread 0x0000000000483be0 Uncommon trap: trap_request=0xffffff45 fr.pc=0x0000000012e39c58 relative=0x0000000000000458
Event: 0.475 Thread 0x0000000000483be0 Uncommon trap: reason=unstable_if action=reinterpret pc=0x0000000012e39c58 method=java.util.Properties.loadConvert([CIILjava/lang/StringBuilder;)Ljava/lang/String; @ 26 c2
Event: 0.475 Thread 0x0000000000483be0 DEOPT PACKING pc=0x0000000012e39c58 sp=0x000000000227db30
Event: 0.475 Thread 0x0000000000483be0 DEOPT UNPACKING pc=0x00000000129a8782 sp=0x000000000227daa8 mode 2

Classes loaded (20 events):
Event: 0.471 Loading class java/net/JarURLConnection done
Event: 0.471 Loading class sun/net/www/protocol/jar/JarURLConnection done
Event: 0.471 Loading class sun/net/www/protocol/jar/JarFileFactory
Event: 0.472 Loading class sun/net/www/protocol/jar/URLJarFile$URLJarFileCloseController
Event: 0.472 Loading class sun/net/www/protocol/jar/URLJarFile$URLJarFileCloseController done
Event: 0.472 Loading class sun/net/www/protocol/jar/JarFileFactory done
Event: 0.472 Loading class sun/net/www/protocol/file/FileURLConnection
Event: 0.472 Loading class sun/net/www/URLConnection
Event: 0.472 Loading class sun/net/www/URLConnection done
Event: 0.472 Loading class sun/net/www/protocol/file/FileURLConnection done
Event: 0.473 Loading class sun/net/www/MessageHeader
Event: 0.473 Loading class sun/net/www/MessageHeader done
Event: 0.473 Loading class jdk/internal/util/OperatingSystem
Event: 0.473 Loading class jdk/internal/util/OperatingSystem done
Event: 0.474 Loading class sun/net/www/protocol/jar/URLJarFile
Event: 0.474 Loading class sun/net/www/protocol/jar/URLJarFile done
Event: 0.474 Loading class sun/net/www/protocol/jar/URLJarFile$URLJarFileEntry
Event: 0.475 Loading class sun/net/www/protocol/jar/URLJarFile$URLJarFileEntry done
Event: 0.475 Loading class sun/net/www/protocol/jar/JarURLConnection$JarURLInputStream
Event: 0.475 Loading class sun/net/www/protocol/jar/JarURLConnection$JarURLInputStream done

Classes unloaded (0 events):
No events

Classes redefined (0 events):
No events

Internal exceptions (5 events):
Event: 0.172 Thread 0x0000000000483be0 Exception <a 'java/lang/NoSuchMethodError'{0x00000000e0246ec0}: 'java.lang.Object java.lang.invoke.DirectMethodHandle$Holder.invokeStaticInit(java.lang.Object)'> (0x00000000e0246ec0) 
thrown [s\open\src\hotspot\share\interpreter\linkResolver.cpp, line 804]
Event: 0.217 Thread 0x0000000000483be0 Exception <a 'java/lang/NoSuchMethodError'{0x00000000e04a6978}: 'void java.lang.invoke.DirectMethodHandle$Holder.invokeStatic(java.lang.Object, java.lang.Object)'> (0x00000000e04a6978) 
thrown [s\open\src\hotspot\share\interpreter\linkResolver.cpp, line 804]
Event: 0.217 Thread 0x0000000000483be0 Exception <a 'java/lang/NoSuchMethodError'{0x00000000e04aee08}: 'void java.lang.invoke.DirectMethodHandle$Holder.invokeSpecial(java.lang.Object, java.lang.Object, java.lang.Object)'> (0x00000000e04aee08) 
thrown [s\open\src\hotspot\share\interpreter\linkResolver.cpp, line 804]
Event: 0.424 Thread 0x0000000000483be0 Exception <a 'java/lang/OutOfMemoryError'{0x00000000e0fc0dd8}> (0x00000000e0fc0dd8) 
thrown [s\open\src\hotspot\share\prims\jni.cpp, line 534]
Event: 0.477 Thread 0x0000000000483be0 Exception <a 'java/lang/NoSuchMethodError'{0x00000000e1140958}: 'void java.lang.invoke.DirectMethodHandle$Holder.invokeStatic(java.lang.Object, java.lang.Object, java.lang.Object)'> (0x00000000e1140958) 
thrown [s\open\src\hotspot\share\interpreter\linkResolver.cpp, line 804]

VM Operations (2 events):
Event: 0.474 Executing non-safepoint VM operation: HandshakeAllThreads (Deoptimize)
Event: 0.474 Executing non-safepoint VM operation: HandshakeAllThreads (Deoptimize) done

Memory protections (0 events):
No events

Nmethod flushes (0 events):
No events

Events (12 events):
Event: 0.059 Thread 0x0000000000483be0 Thread added: 0x0000000000483be0
Event: 0.093 Thread 0x0000000000483be0 Thread added: 0x00000000026aed50
Event: 0.093 Thread 0x0000000000483be0 Thread added: 0x00000000026b1960
Event: 0.093 Thread 0x0000000000483be0 Thread added: 0x00000000026b42c0
Event: 0.093 Thread 0x0000000000483be0 Thread added: 0x00000000026b8490
Event: 0.094 Thread 0x0000000000483be0 Thread added: 0x00000000026b9d10
Event: 0.094 Thread 0x0000000000483be0 Thread added: 0x00000000026bcca0
Event: 0.094 Thread 0x0000000000483be0 Thread added: 0x00000000026c0270
Event: 0.094 Thread 0x0000000000483be0 Thread added: 0x00000000026ce3a0
Event: 0.098 Thread 0x0000000000483be0 Thread added: 0x00000000027595a0
Event: 0.100 Thread 0x0000000000483be0 Thread added: 0x0000000002776430
Event: 0.338 Thread 0x00000000026ce3a0 Thread added: 0x000000001f236d60


Dynamic libraries:
0x00007ff78c830000 - 0x00007ff78c840000 	C:\Users\Administrator\Downloads\jdk-25_windows-x64_bin\jdk-25.0.4\bin\java.exe
0x00007ff89ccb0000 - 0x00007ff89cea8000 	C:\WINDOWS\SYSTEM32\ntdll.dll
0x00007ff89b260000 - 0x00007ff89b31f000 	C:\WINDOWS\System32\KERNEL32.DLL
0x00007ff89a390000 - 0x00007ff89a686000 	C:\WINDOWS\System32\KERNELBASE.dll
0x00007ff89c050000 - 0x00007ff89c0ff000 	C:\WINDOWS\System32\ADVAPI32.DLL
0x00007ff89ae40000 - 0x00007ff89aede000 	C:\WINDOWS\System32\msvcrt.dll
0x00007ff89c860000 - 0x00007ff89c8fc000 	C:\WINDOWS\System32\sechost.dll
0x00007ff89ad10000 - 0x00007ff89ae36000 	C:\WINDOWS\System32\RPCRT4.dll
0x00007ff89a9f0000 - 0x00007ff89aaf0000 	C:\WINDOWS\System32\ucrtbase.dll
0x00007ff86b550000 - 0x00007ff86b567000 	C:\Users\Administrator\Downloads\jdk-25_windows-x64_bin\jdk-25.0.4\bin\jli.dll
0x00007ff86b570000 - 0x00007ff86b58e000 	C:\Users\Administrator\Downloads\jdk-25_windows-x64_bin\jdk-25.0.4\bin\VCRUNTIME140.dll
0x00007ff89bcd0000 - 0x00007ff89be6d000 	C:\WINDOWS\System32\USER32.dll
0x00007ff89acb0000 - 0x00007ff89acd2000 	C:\WINDOWS\System32\win32u.dll
0x00007ff89c830000 - 0x00007ff89c85c000 	C:\WINDOWS\System32\GDI32.dll
0x00007ff89a770000 - 0x00007ff89a885000 	C:\WINDOWS\System32\gdi32full.dll
0x00007ff89ab60000 - 0x00007ff89abfd000 	C:\WINDOWS\System32\msvcp_win.dll
0x00007ff88fdf0000 - 0x00007ff89008a000 	C:\WINDOWS\WinSxS\amd64_microsoft.windows.common-controls_6595b64144ccf1df_6.0.19041.1110_none_60b5254171f9507e\COMCTL32.dll
0x00007ff89ba70000 - 0x00007ff89baa0000 	C:\WINDOWS\System32\IMM32.DLL
0x00007ff885d10000 - 0x00007ff885d1c000 	C:\Users\Administrator\Downloads\jdk-25_windows-x64_bin\jdk-25.0.4\bin\vcruntime140_1.dll
0x00007ff86ae20000 - 0x00007ff86aead000 	C:\Users\Administrator\Downloads\jdk-25_windows-x64_bin\jdk-25.0.4\bin\msvcp140.dll
0x00007ff846030000 - 0x00007ff846e90000 	C:\Users\Administrator\Downloads\jdk-25_windows-x64_bin\jdk-25.0.4\bin\server\jvm.dll
0x00007ff89c7c0000 - 0x00007ff89c82b000 	C:\WINDOWS\System32\WS2_32.dll
0x00007ff89a150000 - 0x00007ff89a19b000 	C:\WINDOWS\SYSTEM32\POWRPROF.dll
0x00007ff894e60000 - 0x00007ff894e6a000 	C:\WINDOWS\SYSTEM32\VERSION.dll
0x00007ff8911a0000 - 0x00007ff8911c7000 	C:\WINDOWS\SYSTEM32\WINMM.dll
0x00007ff89a130000 - 0x00007ff89a142000 	C:\WINDOWS\SYSTEM32\UMPDC.dll
0x00007ff898150000 - 0x00007ff898162000 	C:\WINDOWS\SYSTEM32\kernel.appcore.dll
0x00007ff87c000000 - 0x00007ff87c00a000 	C:\Users\Administrator\Downloads\jdk-25_windows-x64_bin\jdk-25.0.4\bin\jimage.dll
0x00007ff888720000 - 0x00007ff888904000 	C:\WINDOWS\SYSTEM32\DBGHELP.DLL
0x00007ff888600000 - 0x00007ff888634000 	C:\WINDOWS\SYSTEM32\dbgcore.DLL
0x00007ff89a6e0000 - 0x00007ff89a762000 	C:\WINDOWS\System32\bcryptPrimitives.dll
0x00007ff86b530000 - 0x00007ff86b54f000 	C:\Users\Administrator\Downloads\jdk-25_windows-x64_bin\jdk-25.0.4\bin\java.dll
0x00007ff89bf20000 - 0x00007ff89c04a000 	C:\WINDOWS\System32\ole32.dll
0x00007ff89aef0000 - 0x00007ff89b244000 	C:\WINDOWS\System32\combase.dll
0x00007ff89b320000 - 0x00007ff89ba64000 	C:\WINDOWS\System32\SHELL32.dll
0x00007ff898430000 - 0x00007ff898bc3000 	C:\WINDOWS\SYSTEM32\windows.storage.dll
0x00007ff899c30000 - 0x00007ff899c5e000 	C:\WINDOWS\SYSTEM32\Wldp.dll
0x00007ff89c9b0000 - 0x00007ff89ca5d000 	C:\WINDOWS\System32\SHCORE.dll
0x00007ff89cc10000 - 0x00007ff89cc65000 	C:\WINDOWS\System32\shlwapi.dll
0x00007ff89a2d0000 - 0x00007ff89a2ef000 	C:\WINDOWS\SYSTEM32\profapi.dll
0x00007ff86b510000 - 0x00007ff86b522000 	C:\Users\Administrator\Downloads\jdk-25_windows-x64_bin\jdk-25.0.4\bin\net.dll
0x00007ff899a10000 - 0x00007ff899a7a000 	C:\WINDOWS\system32\mswsock.dll
0x00007ff86b4f0000 - 0x00007ff86b506000 	C:\Users\Administrator\Downloads\jdk-25_windows-x64_bin\jdk-25.0.4\bin\nio.dll
0x00007ff86ada0000 - 0x00007ff86adb6000 	C:\Users\Administrator\Downloads\jdk-25_windows-x64_bin\jdk-25.0.4\bin\zip.dll
0x00007ff87b940000 - 0x00007ff87b950000 	C:\Users\Administrator\Downloads\jdk-25_windows-x64_bin\jdk-25.0.4\bin\verify.dll

JVMTI agents: none

dbghelp: loaded successfully - version: 4.0.5 - missing functions: none
symbol engine: initialized successfully - sym options: 0x614 - pdb path: .;C:\Users\Administrator\Downloads\jdk-25_windows-x64_bin\jdk-25.0.4\bin;C:\WINDOWS\SYSTEM32;C:\WINDOWS\WinSxS\amd64_microsoft.windows.common-controls_6595b64144ccf1df_6.0.19041.1110_none_60b5254171f9507e;C:\Users\Administrator\Downloads\jdk-25_windows-x64_bin\jdk-25.0.4\bin\server

VM Arguments:
jvm_args: -Xmx64m -Xms64m -Dorg.gradle.appname=gradlew -Xms128M -Xmx512M -XX:+UseSerialGC 
java_command: E:\Program Files\Tencent\AndrowsData\Mili\\gradle\wrapper\gradle-wrapper.jar --stop
java_class_path (initial): E:\Program Files\Tencent\AndrowsData\Mili\\gradle\wrapper\gradle-wrapper.jar
Launcher Type: SUN_STANDARD

[Global flags]
     intx CICompilerCount                          = 4                                         {product} {ergonomic}
   size_t InitialHeapSize                          = 134217728                                 {product} {command line}
   size_t MaxHeapSize                              = 536870912                                 {product} {command line}
   size_t MaxNewSize                               = 178913280                                 {product} {ergonomic}
   size_t MinHeapDeltaBytes                        = 196608                                    {product} {ergonomic}
   size_t MinHeapSize                              = 134217728                                 {product} {command line}
   size_t NewSize                                  = 44695552                                  {product} {ergonomic}
    uintx NonNMethodCodeHeapSize                   = 5832704                                {pd product} {ergonomic}
    uintx NonProfiledCodeHeapSize                  = 122945536                              {pd product} {ergonomic}
    uintx ProfiledCodeHeapSize                     = 122880000                              {pd product} {ergonomic}
    uintx ReservedCodeCacheSize                    = 251658240                              {pd product} {ergonomic}
     bool SegmentedCodeCache                       = true                                      {product} {ergonomic}
   size_t SoftMaxHeapSize                          = 536870912                              {manageable} {ergonomic}
     bool UseCompressedOops                        = true                           {product lp64_product} {ergonomic}
     bool UseLargePagesIndividualAllocation        = false                                  {pd product} {ergonomic}
     bool UseSerialGC                              = true                                      {product} {environment}

Logging:
Log output configuration:
 #0: stdout all=warning uptime,level,tags foldmultilines=false
 #1: stderr all=off uptime,level,tags foldmultilines=false

Release file:
IMPLEMENTOR="Oracle Corporation" 
JAVA_RUNTIME_VERSION="25.0.4+7-LTS-189" 
JAVA_VERSION="25.0.4" 
JAVA_VERSION_DATE="2026-07-21" 
LIBC="default" 
MODULES="java.base java.compiler java.datatransfer java.xml java.prefs java.desktop java.instrument java.logging java.management java.security.sasl java.naming java.rmi java.management.rmi java.net.http java.scripting java.security.jgss java.transaction.xa java.sql java.sql.rowset java.xml.crypto java.se java.smartcardio jdk.accessibility jdk.internal.jvmstat jdk.attach jdk.charsets jdk.internal.opt jdk.zipfs jdk.compiler jdk.crypto.cryptoki jdk.crypto.ec jdk.crypto.mscapi jdk.dynalink jdk.internal.ed jdk.editpad jdk.internal.vm.ci jdk.graal.compiler jdk.graal.compiler.management jdk.hotspot.agent jdk.httpserver jdk.incubator.vector jdk.internal.le jdk.internal.md jdk.jartool jdk.javadoc jdk.jcmd jdk.management jdk.management.agent jdk.jconsole jdk.jdeps jdk.jdwp.agent jdk.jdi jdk.jfr jdk.jlink jdk.jpackage jdk.jshell jdk.jsobject jdk.jstatd jdk.localedata jdk.management.jfr jdk.naming.dns jdk.naming.rmi jdk.net jdk.nio.mapmode jdk.sctp jdk.security.auth jdk.security.jgss jdk.unsupported jdk.unsupported.desktop jdk.xml.dom" 
OS_ARCH="x86_64" 
OS_NAME="Windows" 
SOURCE=".:git:7b4fc1077dc7 open:git:cf56d410b63b" 

Environment Variables:
JAVA_HOME=C:\Users\Administrator\Downloads\jdk-25_windows-x64_bin\jdk-25.0.4
_JAVA_OPTIONS=-Xms128M -Xmx512M -XX:+UseSerialGC
PATH=C:\Users\Administrator\.meituan-catpaw\runtimes\powershell\versions\7.5.2;C:\Users\Administrator\.meituan-catpaw\runtimes\node\versions\24.18.0;C:\Users\Administrator\.meituan-catpaw\runtimes\python\versions\3.12.13;C:\Users\Administrator\.meituan-catpaw\runtimes\python\versions\3.12.13\Scripts;C:\Users\Administrator\.meituan-catpaw\runtimes\powershell\versions\7.5.2;C:\Users\Administrator\meituan\epassport\bin;C:\WINDOWS\system32;C:\WINDOWS;C:\WINDOWS\System32\Wbem;C:\WINDOWS\System32\WindowsPowerShell\v1.0\;C:\WINDOWS\System32\OpenSSH\;C:\Program Files\Git\cmd;C:\Program Files\dotnet\;D:\QoderCN\bin;C:\Program Files\Gpg4win\..\GnuPG\bin;C:\Program Files\nodejs\;C:\Users\Administrator\AppData\Roaming\npm;C:\Program Files\GitHub CLI\;C:\WINDOWS\system32;C:\WINDOWS;C:\WINDOWS\System32\Wbem;C:\WINDOWS\System32\WindowsPowerShell\v1.0\;C:\WINDOWS\System32\OpenSSH\;C:\Program Files\Git\cmd;C:\Program Files\dotnet\;D:\QoderCN\bin;C:\Program Files\Gpg4win\..\GnuPG\bin;C:\Program Files\nodejs\;C:\Users\Administrator\AppData\Roaming\npm;C:\Program Files\GitHub CLI\;C:\Users\Administrator\AppData\Local\hermes\bin;C:\Users\Administrator\.meituan-catpaw\bin;C:\Users\Administrator\.qoder\entry;C:\Users\Administrator\.cargo\bin;C:\Users\Administrator\AppData\Local\Programs\Python\Python312\Scripts\;C:\Users\Administrator\AppData\Local\Programs\Python\Python312\;C:\Users\Administrator\.local\bin;C:\Users\Administrator\AppData\Local\Microsoft\WindowsApps;C:\Program Files (x86)\Microsoft VS Code\bin;C:\Users\Administrator\AppData\Local\GitHubDesktop\bin;D:\IntelliJ IDEA 2026.2.1\bin;C:\Users\Administrator\.qoder\bin\qodercli;C:\Users\Administrator\AppData\Roaming\npm;D:\Zed\bin;C:\Users\Administrator\AppData\Local\Microsoft\WinGet\Links;C:\Users\Administrator\AppData\Local\Programs\Cua\cua-driver\bin;C:\Users\Administrator\AppData\Roaming\DSH Desktop\host-commands\desktop\bin
USERNAME=Administrator
LANG=zh_CN.UTF-8
OS=Windows_NT
PROCESSOR_IDENTIFIER=Intel64 Family 6 Model 63 Stepping 2, GenuineIntel
TMP=C:\Users\ADMINI~1\AppData\Local\Temp
TEMP=C:\Users\ADMINI~1\AppData\Local\Temp




Compilation memory statistics disabled.

Periodic native trim disabled

---------------  S Y S T E M  ---------------

OS:
 Windows 10 , 64 bit Build 19041 (10.0.19041.2913)
OS uptime: 24 days 8:36 hours
Hyper-V role detected

CPU: total 8 (initial active 8) (4 cores per cpu, 2 threads per core) family 6 model 63 stepping 2 microcode 0x43, cx8, cmov, fxsr, ht, mmx, sse, sse2, sse3, ssse3, sse4.1, sse4.2, popcnt, lzcnt, tsc, tscinvbit, avx, avx2, aes, erms, clmul, bmi1, bmi2, fma, vzeroupper, clflush, hv, rdtscp, f16c
Processor Information for processor 0
  Max Mhz: 3501, Current Mhz: 1700, Mhz Limit: 3501
Processor Information for processor 1
  Max Mhz: 3501, Current Mhz: 1700, Mhz Limit: 3501
Processor Information for processor 2
  Max Mhz: 3501, Current Mhz: 1200, Mhz Limit: 3501
Processor Information for processor 3
  Max Mhz: 3501, Current Mhz: 1200, Mhz Limit: 3501
Processor Information for processor 4
  Max Mhz: 3501, Current Mhz: 3501, Mhz Limit: 3501
Processor Information for processor 5
  Max Mhz: 3501, Current Mhz: 3501, Mhz Limit: 3501
Processor Information for processor 6
  Max Mhz: 3501, Current Mhz: 1700, Mhz Limit: 3501
Processor Information for processor 7
  Max Mhz: 3501, Current Mhz: 1700, Mhz Limit: 3501

Memory: 4k page, system-wide physical 8033M (443M free)
TotalPageFile size 23216M (AvailPageFile size 0M)
current process WorkingSet (physical memory assigned to process): 67M, peak: 67M
current process commit charge ("private bytes"): 172M, peak: 172M

vm_info: Java HotSpot(TM) 64-Bit Server VM (25.0.4+7-LTS-189) for windows-amd64 JRE (25.0.4+7-LTS-189), built on 2026-06-03T06:49:25Z with MS VC++ 17.13 (VS2022)

END.
