#
# There is insufficient memory for the Java Runtime Environment to continue.
# Native memory allocation (malloc) failed to allocate 32752 bytes. Error detail: Chunk::new
# Possible reasons:
#   The system is out of physical RAM or swap space
#   This process is running with CompressedOops enabled, and the Java Heap may be blocking the growth of the native heap
# Possible solutions:
#   Reduce memory load on the system
#   Increase physical memory or swap space
#   Check if swap backing store is full
#   Decrease Java heap size (-Xmx/-Xms)
#   Decrease number of Java threads
#   Decrease Java thread stack sizes (-Xss)
#   Set larger code cache with -XX:ReservedCodeCacheSize=
#   JVM is running with Unscaled Compressed Oops mode in which the Java heap is
#     placed in the first 4GB address space. The Java Heap base address is the
#     maximum limit for the native heap growth. Please use -XX:HeapBaseMinAddress
#     to set the Java Heap base and to place the Java Heap above 4GB virtual address.
# This output file may be truncated or incomplete.
#
#  Out of Memory Error (arena.cpp:186), pid=60072, tid=1176
#
# JRE version: Java(TM) SE Runtime Environment (25.0.4+7) (build 25.0.4+7-LTS-189)
# Java VM: Java HotSpot(TM) 64-Bit Server VM (25.0.4+7-LTS-189, mixed mode, sharing, tiered, compressed oops, compressed class ptrs, serial gc, windows-amd64)
# No core dump will be written. Minidumps are not enabled by default on client versions of Windows
#

---------------  S U M M A R Y ------------

Command Line: -Xmx64m -Xms64m -Dorg.gradle.appname=gradlew -Xms128M -Xmx512M -XX:+UseSerialGC E:\Program Files\Tencent\AndrowsData\Mili\\gradle\wrapper\gradle-wrapper.jar :lmili-server:runDevServer --args=nogui --no-daemon

Host: Intel(R) Xeon(R) CPU E5-1620 v3 @ 3.50GHz, 8 cores, 7G,  Windows 10 , 64 bit Build 19041 (10.0.19041.2913)
Time: Tue Aug 25 19:57:56 2026 elapsed time: 0.341671 seconds (0d 0h 0m 0s)

---------------  T H R E A D  ---------------

Current thread (0x00000000026ccbd0):  JavaThread "C1 CompilerThread0" daemon [_thread_in_native, id=1176, stack(0x000000001aa20000,0x000000001ab20000) (1024K)]


Current CompileTask:
C1:341  577       3       jdk.internal.classfile.impl.StackMapGenerator::processBlock (2767 bytes)

Stack: [0x000000001aa20000,0x000000001ab20000]
Native frames: (J=compiled Java code, j=interpreted, Vv=VM code, C=native code)
V  [jvm.dll+0x7a8819]  (no source info available)
V  [jvm.dll+0x7743dd]  (no source info available)
V  [jvm.dll+0x967693]  (no source info available)
V  [jvm.dll+0x969c91]  (no source info available)
V  [jvm.dll+0x96a3a3]  (no source info available)
V  [jvm.dll+0x2fd0b6]  (no source info available)
V  [jvm.dll+0x1121e6]  (no source info available)
V  [jvm.dll+0x11250e]  (no source info available)
V  [jvm.dll+0x19da4f]  (no source info available)
V  [jvm.dll+0x1f9f93]  (no source info available)
V  [jvm.dll+0x1e880e]  (no source info available)
V  [jvm.dll+0x1d6950]  (no source info available)
V  [jvm.dll+0x1bf23f]  (no source info available)
V  [jvm.dll+0x1beaaf]  (no source info available)
V  [jvm.dll+0x1bed6e]  (no source info available)
V  [jvm.dll+0x1be0b1]  (no source info available)
V  [jvm.dll+0x1bff2d]  (no source info available)
V  [jvm.dll+0x2d0376]  (no source info available)
V  [jvm.dll+0x2ce5f5]  (no source info available)
V  [jvm.dll+0x48f6b1]  (no source info available)
V  [jvm.dll+0x90877d]  (no source info available)
V  [jvm.dll+0x7a6dc5]  (no source info available)
C  [ucrtbase.dll+0x21bb2]  (no source info available)
C  [KERNEL32.DLL+0x17614]  (no source info available)
C  [ntdll.dll+0x526a1]  (no source info available)

Lock stack of current Java thread (top to bottom):


---------------  P R O C E S S  ---------------

Threads class SMR info:
_java_thread_list=0x000000001f238ab0, length=12, elements={
0x000000000056b750, 0x00000000026ac2a0, 0x00000000026ace60, 0x00000000026b7860,
0x00000000026bafe0, 0x00000000026bd7f0, 0x00000000026bf730, 0x00000000026c5950,
0x00000000026ccbd0, 0x00000000026bc850, 0x000000000276f550, 0x00000000027b8990
}

Java Threads: ( => current thread )
  0x000000000056b750 JavaThread "main"                              [_thread_in_vm, id=52264, stack(0x00000000020e0000,0x00000000021e0000) (1024K)]
  0x00000000026ac2a0 JavaThread "Reference Handler"          daemon [_thread_blocked, id=20872, stack(0x000000001a320000,0x000000001a420000) (1024K)]
  0x00000000026ace60 JavaThread "Finalizer"                  daemon [_thread_blocked, id=18592, stack(0x000000001a420000,0x000000001a520000) (1024K)]
  0x00000000026b7860 JavaThread "Signal Dispatcher"          daemon [_thread_blocked, id=43112, stack(0x000000001a520000,0x000000001a620000) (1024K)]
  0x00000000026bafe0 JavaThread "Attach Listener"            daemon [_thread_blocked, id=29316, stack(0x000000001a620000,0x000000001a720000) (1024K)]
  0x00000000026bd7f0 JavaThread "Service Thread"             daemon [_thread_blocked, id=60448, stack(0x000000001a720000,0x000000001a820000) (1024K)]
  0x00000000026bf730 JavaThread "Monitor Deflation Thread"   daemon [_thread_blocked, id=36748, stack(0x000000001a820000,0x000000001a920000) (1024K)]
  0x00000000026c5950 JavaThread "C2 CompilerThread0"         daemon [_thread_in_native, id=41504, stack(0x000000001a920000,0x000000001aa20000) (1024K)]
=>0x00000000026ccbd0 JavaThread "C1 CompilerThread0"         daemon [_thread_in_native, id=1176, stack(0x000000001aa20000,0x000000001ab20000) (1024K)]
  0x00000000026bc850 JavaThread "Notification Thread"        daemon [_thread_blocked, id=10952, stack(0x000000001ab20000,0x000000001ac20000) (1024K)]
  0x000000000276f550 JavaThread "Common-Cleaner"             daemon [_thread_blocked, id=51156, stack(0x000000001ac20000,0x000000001ad20000) (1024K)]
  0x00000000027b8990 JavaThread "C2 CompilerThread1"         daemon [_thread_in_native, id=29808, stack(0x000000001add0000,0x000000001aed0000) (1024K)]
Total: 12

Other Threads:
  0x000000000269fb80 VMThread "VM Thread"                           [id=16936, stack(0x0000000002910000,0x0000000002a10000) (1024K)]
  0x00000000026919e0 WatcherThread "VM Periodic Task Thread"        [id=51448, stack(0x0000000002810000,0x0000000002910000) (1024K)]
Total: 2

Threads with active compile tasks:
C2 CompilerThread0  383  589       4       java.io.WinNTFileSystem::normalize (148 bytes)
C1 CompilerThread0  383  577       3       jdk.internal.classfile.impl.StackMapGenerator::processBlock (2767 bytes)
C2 CompilerThread1  383  591 %     4       java.lang.StringCoding::countPositives @ 7 (33 bytes)
Total: 3

VM state: not at safepoint (normal execution)

VM Mutex/Monitor currently owned by a thread:  ([mutex/lock_event])
[0x00007ff846da84c8] Metaspace_lock - owner thread: 0x000000000056b750

OutOfMemory and StackOverflow Exception counts:
OutOfMemoryError java_heap_errors=1
LinkageErrors=3

Heap address: 0x00000000e0000000, size: 512 MB, Compressed Oops mode: 32-bit

CDS archive(s) mapped at: [0x000000002e000000-0x000000002edd0000-0x000000002edd0000), size 14483456, SharedBaseAddress: 0x000000002e000000, ArchiveRelocationMode: 1.
Compressed class space mapped at: 0x000000002f000000-0x000000006f000000, reserved size: 1073741824
UseCompressedClassPointers 1, UseCompactObjectHeaders 0
Narrow klass pointer bits 32, Max shift 3
Narrow klass base: 0x000000002e000000, Narrow klass shift: 0
Encoding Range: [0x000000002e000000 - 0x000000012e000000), (4294967296 bytes)
Klass Range:    [0x000000002e010000 - 0x000000006f000000), (1090453504 bytes)
Klass ID Range:  [65536 - 1090519033) (1090453497)
Protection zone: [0x000000002e000000 - 0x000000002e010000), (65536 bytes)

GC Precious Log:
 CardTable entry size: 512
 CPUs: 8 total, 8 available
 Memory: 8033M
 Large Page Support: Disabled
 NUMA Support: Disabled
 Compressed Oops: Enabled (32-bit)
 Heap Min Capacity: 128M
 Heap Initial Capacity: 128M
 Heap Max Capacity: 512M
 Pre-touch: Disabled

Heap:
 DefNew     total 39296K, used 15792K [0x00000000e0000000, 0x00000000e2aa0000, 0x00000000eaaa0000)
  eden space 34944K,  45% used [0x00000000e0000000, 0x00000000e0f6c1a0, 0x00000000e2220000)
  from space 4352K,   0% used [0x00000000e2220000, 0x00000000e2220000, 0x00000000e2660000)
  to   space 4352K,   0% used [0x00000000e2660000, 0x00000000e2660000, 0x00000000e2aa0000)
 Tenured    total 87424K, used 1174K [0x00000000eaaa0000, 0x00000000f0000000, 0x0000000100000000)
  the  space 87424K,   1% used [0x00000000eaaa0000, 0x00000000eabc58c0, 0x00000000f0000000)

Card table byte_map: [0x0000000002460000,0x0000000002560000] _byte_map_base: 0x0000000001d60000

Polling page: 0x0000000002250000

Metaspace:
Metaspace        used 1593K, committed 1728K, reserved 1114112K
 class space     used 154K, committed 256K, reserved 1048576K

Usage:
  Non-class:      1.41 MB used.
      Class:    154.20 KB used.
       Both:      1.56 MB used.

Virtual space:
  Non-class space:       64.00 MB reserved,       1.44 MB (  2%) committed,  1 nodes.
      Class space:        1.00 GB reserved,     256.00 KB ( <1%) committed,  1 nodes.
             Both:        1.06 GB reserved,       1.69 MB ( <1%) committed. 

Chunk freelists:
   Non-Class:  11.67 MB
       Class:  15.66 MB
        Both:  27.33 MB

MaxMetaspaceSize: unlimited
CompressedClassSpaceSize: 1.00 GB
Initial GC threshold: 21.00 MB
Current GC threshold: 21.00 MB
CDS: on
 - commit_granule_bytes: 65536.
 - commit_granule_words: 8192.
 - virtual_space_node_default_size: 8388608.
 - enlarge_chunks_in_place: 1.
UseCompressedClassPointers 1, UseCompactObjectHeaders 0
Narrow klass pointer bits 32, Max shift 3
Narrow klass base: 0x000000002e000000, Narrow klass shift: 0
Encoding Range: [0x000000002e000000 - 0x000000012e000000), (4294967296 bytes)
Klass Range:    [0x000000002e010000 - 0x000000006f000000), (1090453504 bytes)
Klass ID Range:  [65536 - 1090519033) (1090453497)
Protection zone: [0x000000002e000000 - 0x000000002e010000), (65536 bytes)


Internal statistics:

num_allocs_failed_limit: 0.
num_arena_births: 30.
num_arena_deaths: 0.
num_vsnodes_births: 2.
num_vsnodes_deaths: 0.
num_space_committed: 27.
num_space_uncommitted: 0.
num_chunks_returned_to_freelist: 0.
num_chunks_taken_from_freelist: 58.
num_chunk_merges: 0.
num_chunk_splits: 36.
num_chunks_enlarged: 26.
num_inconsistent_stats: 0.

CodeHeap 'non-profiled nmethods': size=120064Kb used=178Kb max_used=178Kb free=119885Kb
 bounds [0x0000000012de0000, 0x0000000013050000, 0x000000001a320000]
CodeHeap 'profiled nmethods': size=120000Kb used=650Kb max_used=650Kb free=119349Kb
 bounds [0x000000000b320000, 0x000000000b590000, 0x0000000012850000]
CodeHeap 'non-nmethods': size=5696Kb used=1245Kb max_used=1274Kb free=4451Kb
 bounds [0x0000000012850000, 0x0000000012ac0000, 0x0000000012de0000]
CodeCache: size=245760Kb, used=2073Kb, max_used=2102Kb, free=243685Kb
 total_blobs=1014, nmethods=581, adapters=339, full_count=0
Compilation: enabled, stopped_count=0, restarted_count=0

Compilation events (20 events):
Event: 0.333 Thread 0x00000000026ccbd0  563   !   3       java.util.zip.ZipFile$Source::readFullyAt (74 bytes)
Event: 0.334 Thread 0x00000000026ccbd0 nmethod 563 0x000000000b3bff88 code [0x000000000b3c0080, 0x000000000b3c0750]
Event: 0.334 Thread 0x00000000026ccbd0  562   !   3       jdk.internal.loader.URLClassPath$JarLoader::getResource (39 bytes)
Event: 0.334 Thread 0x00000000026ccbd0 nmethod 562 0x000000000b3c0788 code [0x000000000b3c0880, 0x000000000b3c0cf8]
Event: 0.334 Thread 0x00000000026ccbd0  567       3       jdk.internal.util.ReferencedKeyMap::get (10 bytes)
Event: 0.335 Thread 0x00000000027b8990 nmethod 544 0x0000000012e09b08 code [0x0000000012e09c00, 0x0000000012e0ac30]
Event: 0.335 Thread 0x00000000026ccbd0 nmethod 567 0x000000000b3c0d08 code [0x000000000b3c0e00, 0x000000000b3c1640]
Event: 0.335 Thread 0x00000000026ccbd0  568       3       jdk.internal.util.ReferencedKeyMap::getNoCheckStale (22 bytes)
Event: 0.335 Thread 0x00000000026ccbd0 nmethod 568 0x000000000b3c1688 code [0x000000000b3c1780, 0x000000000b3c1c50]
Event: 0.335 Thread 0x00000000026ccbd0  573       1       jdk.internal.constant.ClassOrInterfaceDescImpl::isClassOrInterface (2 bytes)
Event: 0.335 Thread 0x00000000026ccbd0 nmethod 573 0x0000000012e0af88 code [0x0000000012e0b080, 0x0000000012e0b148]
Event: 0.335 Thread 0x00000000026ccbd0  575       1       jdk.internal.classfile.impl.AbstractPoolEntry::hashCode (5 bytes)
Event: 0.335 Thread 0x00000000026ccbd0 nmethod 575 0x0000000012e0b288 code [0x0000000012e0b380, 0x0000000012e0b448]
Event: 0.335 Thread 0x00000000026ccbd0  576       3       jdk.internal.classfile.impl.SplitConstantPool::tryFindUtf8 (103 bytes)
Event: 0.336 Thread 0x00000000026ccbd0 nmethod 576 0x000000000b3c1c88 code [0x000000000b3c1d80, 0x000000000b3c2920]
Event: 0.336 Thread 0x00000000026ccbd0  574       1       jdk.internal.classfile.impl.AbstractPoolEntry$ClassEntryImpl::tag (3 bytes)
Event: 0.336 Thread 0x00000000026ccbd0 nmethod 574 0x0000000012e0b588 code [0x0000000012e0b680, 0x0000000012e0b748]
Event: 0.336 Thread 0x00000000026ccbd0  571       1       java.lang.invoke.MethodTypeForm::erasedType (5 bytes)
Event: 0.336 Thread 0x00000000026ccbd0 nmethod 571 0x0000000012e0b888 code [0x0000000012e0b980, 0x0000000012e0ba48]
Event: 0.336 Thread 0x00000000026ccbd0  577       3       jdk.internal.classfile.impl.StackMapGenerator::processBlock (2767 bytes)

GC Heap Usage History (0 events):
No events

Metaspace Usage History (0 events):
No events

Dll operation events (6 events):
Event: 0.013 Loaded shared library C:\Users\Administrator\Downloads\jdk-25_windows-x64_bin\jdk-25.0.4\bin\java.dll
Event: 0.062 Loaded shared library C:\Users\Administrator\Downloads\jdk-25_windows-x64_bin\jdk-25.0.4\bin\net.dll
Event: 0.066 Loaded shared library C:\Users\Administrator\Downloads\jdk-25_windows-x64_bin\jdk-25.0.4\bin\nio.dll
Event: 0.071 Loaded shared library C:\Users\Administrator\Downloads\jdk-25_windows-x64_bin\jdk-25.0.4\bin\zip.dll
Event: 0.077 Loaded shared library C:\Users\Administrator\Downloads\jdk-25_windows-x64_bin\jdk-25.0.4\bin\verify.dll
Event: 0.289 Loaded shared library C:\Users\Administrator\Downloads\jdk-25_windows-x64_bin\jdk-25.0.4\bin\jimage.dll

Deoptimization events (20 events):
Event: 0.285 Thread 0x000000000056b750 DEOPT PACKING pc=0x000000000b36fca1 sp=0x00000000021df070
Event: 0.285 Thread 0x000000000056b750 DEOPT UNPACKING pc=0x00000000128a1402 sp=0x00000000021de538 mode 0
Event: 0.286 Thread 0x000000000056b750 DEOPT PACKING pc=0x000000000b36fca1 sp=0x00000000021df070
Event: 0.286 Thread 0x000000000056b750 DEOPT UNPACKING pc=0x00000000128a1402 sp=0x00000000021de538 mode 0
Event: 0.286 Thread 0x000000000056b750 DEOPT PACKING pc=0x000000000b36fca1 sp=0x00000000021df070
Event: 0.286 Thread 0x000000000056b750 DEOPT UNPACKING pc=0x00000000128a1402 sp=0x00000000021de538 mode 0
Event: 0.286 Thread 0x000000000056b750 DEOPT PACKING pc=0x000000000b36fca1 sp=0x00000000021df090
Event: 0.286 Thread 0x000000000056b750 DEOPT UNPACKING pc=0x00000000128a1402 sp=0x00000000021de558 mode 0
Event: 0.286 Thread 0x000000000056b750 DEOPT PACKING pc=0x000000000b36fca1 sp=0x00000000021df090
Event: 0.286 Thread 0x000000000056b750 DEOPT UNPACKING pc=0x00000000128a1402 sp=0x00000000021de558 mode 0
Event: 0.312 Thread 0x000000000056b750 DEOPT PACKING pc=0x000000000b368e38 sp=0x00000000021ddbd0
Event: 0.312 Thread 0x000000000056b750 DEOPT UNPACKING pc=0x00000000128a1402 sp=0x00000000021dd090 mode 0
Event: 0.325 Thread 0x000000000056b750 Uncommon trap: trap_request=0xffffff45 fr.pc=0x0000000012df8540 relative=0x0000000000000540
Event: 0.325 Thread 0x000000000056b750 Uncommon trap: reason=unstable_if action=reinterpret pc=0x0000000012df8540 method=java.lang.StringLatin1.indexOf([BI[BII)I @ 27 c2
Event: 0.325 Thread 0x000000000056b750 DEOPT PACKING pc=0x0000000012df8540 sp=0x00000000021dd4e0
Event: 0.325 Thread 0x000000000056b750 DEOPT UNPACKING pc=0x0000000012968a82 sp=0x00000000021dd440 mode 2
Event: 0.325 Thread 0x000000000056b750 Uncommon trap: trap_request=0xffffff45 fr.pc=0x0000000012df53b0 relative=0x00000000000001b0
Event: 0.325 Thread 0x000000000056b750 Uncommon trap: reason=unstable_if action=reinterpret pc=0x0000000012df53b0 method=java.lang.StringLatin1.indexOf([BI[BII)I @ 46 c2
Event: 0.325 Thread 0x000000000056b750 DEOPT PACKING pc=0x0000000012df53b0 sp=0x00000000021dd4c0
Event: 0.325 Thread 0x000000000056b750 DEOPT UNPACKING pc=0x0000000012968a82 sp=0x00000000021dd440 mode 2

Classes loaded (20 events):
Event: 0.127 Loading class sun/nio/ch/FileLockTable$FileLockReference
Event: 0.127 Loading class sun/nio/ch/FileLockTable$FileLockReference done
Event: 0.142 Loading class java/util/StringTokenizer
Event: 0.143 Loading class java/util/StringTokenizer done
Event: 0.144 Loading class java/util/jar/JarFile$ThreadTrackHolder
Event: 0.144 Loading class java/util/jar/JarFile$ThreadTrackHolder done
Event: 0.144 Loading class jdk/internal/misc/ThreadTracker
Event: 0.144 Loading class jdk/internal/misc/ThreadTracker done
Event: 0.144 Loading class jdk/internal/misc/ThreadTracker$ThreadRef
Event: 0.144 Loading class jdk/internal/misc/ThreadTracker$ThreadRef done
Event: 0.144 Loading class sun/security/util/ManifestEntryVerifier
Event: 0.144 Loading class sun/security/util/ManifestEntryVerifier done
Event: 0.161 Loading class java/net/MalformedURLException
Event: 0.161 Loading class java/net/MalformedURLException done
Event: 0.161 Loading class java/io/FileFilter
Event: 0.162 Loading class java/io/FileFilter done
Event: 0.198 Loading class java/lang/invoke/DirectMethodHandle$Special
Event: 0.198 Loading class java/lang/invoke/DirectMethodHandle$Special done
Event: 0.204 Loading class java/util/AbstractList$Itr
Event: 0.204 Loading class java/util/AbstractList$Itr done

Classes unloaded (0 events):
No events

Classes redefined (0 events):
No events

Internal exceptions (3 events):
Event: 0.112 Thread 0x000000000056b750 Exception <a 'java/lang/NoSuchMethodError'{0x00000000e023c6d0}: 'java.lang.Object java.lang.invoke.DirectMethodHandle$Holder.invokeStaticInit(java.lang.Object)'> (0x00000000e023c6d0) 
thrown [s\open\src\hotspot\share\interpreter\linkResolver.cpp, line 804]
Event: 0.145 Thread 0x000000000056b750 Exception <a 'java/lang/NoSuchMethodError'{0x00000000e049bb90}: 'void java.lang.invoke.DirectMethodHandle$Holder.invokeStatic(java.lang.Object, java.lang.Object)'> (0x00000000e049bb90) 
thrown [s\open\src\hotspot\share\interpreter\linkResolver.cpp, line 804]
Event: 0.146 Thread 0x000000000056b750 Exception <a 'java/lang/NoSuchMethodError'{0x00000000e04a4210}: 'void java.lang.invoke.DirectMethodHandle$Holder.invokeSpecial(java.lang.Object, java.lang.Object, java.lang.Object)'> (0x00000000e04a4210) 
thrown [s\open\src\hotspot\share\interpreter\linkResolver.cpp, line 804]

VM Operations (0 events):
No events

Memory protections (0 events):
No events

Nmethod flushes (0 events):
No events

Events (12 events):
Event: 0.031 Thread 0x000000000056b750 Thread added: 0x000000000056b750
Event: 0.052 Thread 0x000000000056b750 Thread added: 0x00000000026ac2a0
Event: 0.053 Thread 0x000000000056b750 Thread added: 0x00000000026ace60
Event: 0.053 Thread 0x000000000056b750 Thread added: 0x00000000026b7860
Event: 0.053 Thread 0x000000000056b750 Thread added: 0x00000000026bafe0
Event: 0.053 Thread 0x000000000056b750 Thread added: 0x00000000026bd7f0
Event: 0.053 Thread 0x000000000056b750 Thread added: 0x00000000026bf730
Event: 0.053 Thread 0x000000000056b750 Thread added: 0x00000000026c5950
Event: 0.053 Thread 0x000000000056b750 Thread added: 0x00000000026ccbd0
Event: 0.057 Thread 0x000000000056b750 Thread added: 0x00000000026bc850
Event: 0.058 Thread 0x000000000056b750 Thread added: 0x000000000276f550
Event: 0.265 Thread 0x00000000026ccbd0 Thread added: 0x00000000027b8990


Dynamic libraries:
0x00007ff78c830000 - 0x00007ff78c840000 	C:\Users\Administrator\Downloads\jdk-25_windows-x64_bin\jdk-25.0.4\bin\java.exe
0x00007ff89ccb0000 - 0x00007ff89cea8000 	C:\WINDOWS\SYSTEM32\ntdll.dll
0x00007ff89b260000 - 0x00007ff89b31f000 	C:\WINDOWS\System32\KERNEL32.DLL
0x00007ff89a390000 - 0x00007ff89a686000 	C:\WINDOWS\System32\KERNELBASE.dll
0x00007ff89c050000 - 0x00007ff89c0ff000 	C:\WINDOWS\System32\ADVAPI32.DLL
0x00007ff89ae40000 - 0x00007ff89aede000 	C:\WINDOWS\System32\msvcrt.dll
0x00007ff89c860000 - 0x00007ff89c8fc000 	C:\WINDOWS\System32\sechost.dll
0x00007ff89ad10000 - 0x00007ff89ae36000 	C:\WINDOWS\System32\RPCRT4.dll
0x00007ff89a9f0000 - 0x00007ff89aaf0000 	C:\WINDOWS\System32\ucrtbase.dll
0x00007ff86b570000 - 0x00007ff86b58e000 	C:\Users\Administrator\Downloads\jdk-25_windows-x64_bin\jdk-25.0.4\bin\VCRUNTIME140.dll
0x00007ff86b550000 - 0x00007ff86b567000 	C:\Users\Administrator\Downloads\jdk-25_windows-x64_bin\jdk-25.0.4\bin\jli.dll
0x00007ff89bcd0000 - 0x00007ff89be6d000 	C:\WINDOWS\System32\USER32.dll
0x00007ff89acb0000 - 0x00007ff89acd2000 	C:\WINDOWS\System32\win32u.dll
0x00007ff89c830000 - 0x00007ff89c85c000 	C:\WINDOWS\System32\GDI32.dll
0x00007ff89a770000 - 0x00007ff89a885000 	C:\WINDOWS\System32\gdi32full.dll
0x00007ff89ab60000 - 0x00007ff89abfd000 	C:\WINDOWS\System32\msvcp_win.dll
0x00007ff88fdf0000 - 0x00007ff89008a000 	C:\WINDOWS\WinSxS\amd64_microsoft.windows.common-controls_6595b64144ccf1df_6.0.19041.1110_none_60b5254171f9507e\COMCTL32.dll
0x00007ff89ba70000 - 0x00007ff89baa0000 	C:\WINDOWS\System32\IMM32.DLL
0x00007ff885d10000 - 0x00007ff885d1c000 	C:\Users\Administrator\Downloads\jdk-25_windows-x64_bin\jdk-25.0.4\bin\vcruntime140_1.dll
0x00007ff86ae20000 - 0x00007ff86aead000 	C:\Users\Administrator\Downloads\jdk-25_windows-x64_bin\jdk-25.0.4\bin\msvcp140.dll
0x00007ff846030000 - 0x00007ff846e90000 	C:\Users\Administrator\Downloads\jdk-25_windows-x64_bin\jdk-25.0.4\bin\server\jvm.dll
0x00007ff89c7c0000 - 0x00007ff89c82b000 	C:\WINDOWS\System32\WS2_32.dll
0x00007ff89a150000 - 0x00007ff89a19b000 	C:\WINDOWS\SYSTEM32\POWRPROF.dll
0x00007ff894e60000 - 0x00007ff894e6a000 	C:\WINDOWS\SYSTEM32\VERSION.dll
0x00007ff8911a0000 - 0x00007ff8911c7000 	C:\WINDOWS\SYSTEM32\WINMM.dll
0x00007ff89a130000 - 0x00007ff89a142000 	C:\WINDOWS\SYSTEM32\UMPDC.dll
0x00007ff898150000 - 0x00007ff898162000 	C:\WINDOWS\SYSTEM32\kernel.appcore.dll
0x00007ff87c000000 - 0x00007ff87c00a000 	C:\Users\Administrator\Downloads\jdk-25_windows-x64_bin\jdk-25.0.4\bin\jimage.dll
0x00007ff888720000 - 0x00007ff888904000 	C:\WINDOWS\SYSTEM32\DBGHELP.DLL
0x00007ff888600000 - 0x00007ff888634000 	C:\WINDOWS\SYSTEM32\dbgcore.DLL
0x00007ff89a6e0000 - 0x00007ff89a762000 	C:\WINDOWS\System32\bcryptPrimitives.dll
0x00007ff86b530000 - 0x00007ff86b54f000 	C:\Users\Administrator\Downloads\jdk-25_windows-x64_bin\jdk-25.0.4\bin\java.dll
0x00007ff89bf20000 - 0x00007ff89c04a000 	C:\WINDOWS\System32\ole32.dll
0x00007ff89aef0000 - 0x00007ff89b244000 	C:\WINDOWS\System32\combase.dll
0x00007ff89b320000 - 0x00007ff89ba64000 	C:\WINDOWS\System32\SHELL32.dll
0x00007ff898430000 - 0x00007ff898bc3000 	C:\WINDOWS\SYSTEM32\windows.storage.dll
0x00007ff899c30000 - 0x00007ff899c5e000 	C:\WINDOWS\SYSTEM32\Wldp.dll
0x00007ff89c9b0000 - 0x00007ff89ca5d000 	C:\WINDOWS\System32\SHCORE.dll
0x00007ff89cc10000 - 0x00007ff89cc65000 	C:\WINDOWS\System32\shlwapi.dll
0x00007ff89a2d0000 - 0x00007ff89a2ef000 	C:\WINDOWS\SYSTEM32\profapi.dll
0x00007ff86b510000 - 0x00007ff86b522000 	C:\Users\Administrator\Downloads\jdk-25_windows-x64_bin\jdk-25.0.4\bin\net.dll
0x00007ff899a10000 - 0x00007ff899a7a000 	C:\WINDOWS\system32\mswsock.dll
0x00007ff86b4f0000 - 0x00007ff86b506000 	C:\Users\Administrator\Downloads\jdk-25_windows-x64_bin\jdk-25.0.4\bin\nio.dll
0x00007ff86ada0000 - 0x00007ff86adb6000 	C:\Users\Administrator\Downloads\jdk-25_windows-x64_bin\jdk-25.0.4\bin\zip.dll
0x00007ff87b940000 - 0x00007ff87b950000 	C:\Users\Administrator\Downloads\jdk-25_windows-x64_bin\jdk-25.0.4\bin\verify.dll

JVMTI agents: none

dbghelp: loaded successfully - version: 4.0.5 - missing functions: none
symbol engine: initialized successfully - sym options: 0x614 - pdb path: .;C:\Users\Administrator\Downloads\jdk-25_windows-x64_bin\jdk-25.0.4\bin;C:\WINDOWS\SYSTEM32;C:\WINDOWS\WinSxS\amd64_microsoft.windows.common-controls_6595b64144ccf1df_6.0.19041.1110_none_60b5254171f9507e;C:\Users\Administrator\Downloads\jdk-25_windows-x64_bin\jdk-25.0.4\bin\server

VM Arguments:
jvm_args: -Xmx64m -Xms64m -Dorg.gradle.appname=gradlew -Xms128M -Xmx512M -XX:+UseSerialGC 
java_command: E:\Program Files\Tencent\AndrowsData\Mili\\gradle\wrapper\gradle-wrapper.jar :lmili-server:runDevServer --args=nogui --no-daemon
java_class_path (initial): E:\Program Files\Tencent\AndrowsData\Mili\\gradle\wrapper\gradle-wrapper.jar
Launcher Type: SUN_STANDARD

[Global flags]
     intx CICompilerCount                          = 4                                         {product} {ergonomic}
   size_t InitialHeapSize                          = 134217728                                 {product} {command line}
   size_t MaxHeapSize                              = 536870912                                 {product} {command line}
   size_t MaxNewSize                               = 178913280                                 {product} {ergonomic}
   size_t MinHeapDeltaBytes                        = 196608                                    {product} {ergonomic}
   size_t MinHeapSize                              = 134217728                                 {product} {command line}
   size_t NewSize                                  = 44695552                                  {product} {ergonomic}
    uintx NonNMethodCodeHeapSize                   = 5832704                                {pd product} {ergonomic}
    uintx NonProfiledCodeHeapSize                  = 122945536                              {pd product} {ergonomic}
    uintx ProfiledCodeHeapSize                     = 122880000                              {pd product} {ergonomic}
    uintx ReservedCodeCacheSize                    = 251658240                              {pd product} {ergonomic}
     bool SegmentedCodeCache                       = true                                      {product} {ergonomic}
   size_t SoftMaxHeapSize                          = 536870912                              {manageable} {ergonomic}
     bool UseCompressedOops                        = true                           {product lp64_product} {ergonomic}
     bool UseLargePagesIndividualAllocation        = false                                  {pd product} {ergonomic}
     bool UseSerialGC                              = true                                      {product} {environment}

Logging:
Log output configuration:
 #0: stdout all=warning uptime,level,tags foldmultilines=false
 #1: stderr all=off uptime,level,tags foldmultilines=false

Release file:
IMPLEMENTOR="Oracle Corporation" 
JAVA_RUNTIME_VERSION="25.0.4+7-LTS-189" 
JAVA_VERSION="25.0.4" 
JAVA_VERSION_DATE="2026-07-21" 
LIBC="default" 
MODULES="java.base java.compiler java.datatransfer java.xml java.prefs java.desktop java.instrument java.logging java.management java.security.sasl java.naming java.rmi java.management.rmi java.net.http java.scripting java.security.jgss java.transaction.xa java.sql java.sql.rowset java.xml.crypto java.se java.smartcardio jdk.accessibility jdk.internal.jvmstat jdk.attach jdk.charsets jdk.internal.opt jdk.zipfs jdk.compiler jdk.crypto.cryptoki jdk.crypto.ec jdk.crypto.mscapi jdk.dynalink jdk.internal.ed jdk.editpad jdk.internal.vm.ci jdk.graal.compiler jdk.graal.compiler.management jdk.hotspot.agent jdk.httpserver jdk.incubator.vector jdk.internal.le jdk.internal.md jdk.jartool jdk.javadoc jdk.jcmd jdk.management jdk.management.agent jdk.jconsole jdk.jdeps jdk.jdwp.agent jdk.jdi jdk.jfr jdk.jlink jdk.jpackage jdk.jshell jdk.jsobject jdk.jstatd jdk.localedata jdk.management.jfr jdk.naming.dns jdk.naming.rmi jdk.net jdk.nio.mapmode jdk.sctp jdk.security.auth jdk.security.jgss jdk.unsupported jdk.unsupported.desktop jdk.xml.dom" 
OS_ARCH="x86_64" 
OS_NAME="Windows" 
SOURCE=".:git:7b4fc1077dc7 open:git:cf56d410b63b" 

Environment Variables:
JAVA_HOME=C:\Users\Administrator\Downloads\jdk-25_windows-x64_bin\jdk-25.0.4
_JAVA_OPTIONS=-Xms128M -Xmx512M -XX:+UseSerialGC
PATH=C:\Users\Administrator\.meituan-catpaw\runtimes\powershell\versions\7.5.2;C:\Users\Administrator\.meituan-catpaw\runtimes\node\versions\24.18.0;C:\Users\Administrator\.meituan-catpaw\runtimes\python\versions\3.12.13;C:\Users\Administrator\.meituan-catpaw\runtimes\python\versions\3.12.13\Scripts;C:\Users\Administrator\.meituan-catpaw\runtimes\powershell\versions\7.5.2;C:\Users\Administrator\meituan\epassport\bin;C:\WINDOWS\system32;C:\WINDOWS;C:\WINDOWS\System32\Wbem;C:\WINDOWS\System32\WindowsPowerShell\v1.0\;C:\WINDOWS\System32\OpenSSH\;C:\Program Files\Git\cmd;C:\Program Files\dotnet\;D:\QoderCN\bin;C:\Program Files\Gpg4win\..\GnuPG\bin;C:\Program Files\nodejs\;C:\Users\Administrator\AppData\Roaming\npm;C:\Program Files\GitHub CLI\;C:\WINDOWS\system32;C:\WINDOWS;C:\WINDOWS\System32\Wbem;C:\WINDOWS\System32\WindowsPowerShell\v1.0\;C:\WINDOWS\System32\OpenSSH\;C:\Program Files\Git\cmd;C:\Program Files\dotnet\;D:\QoderCN\bin;C:\Program Files\Gpg4win\..\GnuPG\bin;C:\Program Files\nodejs\;C:\Users\Administrator\AppData\Roaming\npm;C:\Program Files\GitHub CLI\;C:\Users\Administrator\AppData\Local\hermes\bin;C:\Users\Administrator\.meituan-catpaw\bin;C:\Users\Administrator\.qoder\entry;C:\Users\Administrator\.cargo\bin;C:\Users\Administrator\AppData\Local\Programs\Python\Python312\Scripts\;C:\Users\Administrator\AppData\Local\Programs\Python\Python312\;C:\Users\Administrator\.local\bin;C:\Users\Administrator\AppData\Local\Microsoft\WindowsApps;C:\Program Files (x86)\Microsoft VS Code\bin;C:\Users\Administrator\AppData\Local\GitHubDesktop\bin;D:\IntelliJ IDEA 2026.2.1\bin;C:\Users\Administrator\.qoder\bin\qodercli;C:\Users\Administrator\AppData\Roaming\npm;D:\Zed\bin;C:\Users\Administrator\AppData\Local\Microsoft\WinGet\Links;C:\Users\Administrator\AppData\Local\Programs\Cua\cua-driver\bin;C:\Users\Administrator\AppData\Roaming\DSH Desktop\host-commands\desktop\bin
USERNAME=Administrator
LANG=zh_CN.UTF-8
OS=Windows_NT
PROCESSOR_IDENTIFIER=Intel64 Family 6 Model 63 Stepping 2, GenuineIntel
TMP=C:\Users\ADMINI~1\AppData\Local\Temp
TEMP=C:\Users\ADMINI~1\AppData\Local\Temp




Compilation memory statistics disabled.

Periodic native trim disabled

---------------  S Y S T E M  ---------------

OS:
 Windows 10 , 64 bit Build 19041 (10.0.19041.2913)
OS uptime: 24 days 8:36 hours
Hyper-V role detected

CPU: total 8 (initial active 8) (4 cores per cpu, 2 threads per core) family 6 model 63 stepping 2 microcode 0x43, cx8, cmov, fxsr, ht, mmx, sse, sse2, sse3, ssse3, sse4.1, sse4.2, popcnt, lzcnt, tsc, tscinvbit, avx, avx2, aes, erms, clmul, bmi1, bmi2, fma, vzeroupper, clflush, hv, rdtscp, f16c
Processor Information for the first 8 processors :
  Max Mhz: 3501, Current Mhz: 3501, Mhz Limit: 3501

Memory: 4k page, system-wide physical 8033M (438M free)
TotalPageFile size 23216M (AvailPageFile size 0M)
current process WorkingSet (physical memory assigned to process): 59M, peak: 59M
current process commit charge ("private bytes"): 166M, peak: 166M

vm_info: Java HotSpot(TM) 64-Bit Server VM (25.0.4+7-LTS-189) for windows-amd64 JRE (25.0.4+7-LTS-189), built on 2026-06-03T06:49:25Z with MS VC++ 17.13 (VS2022)

END.
