#
# There is insufficient memory for the Java Runtime Environment to continue.
# Native memory allocation (mmap) failed to map 67108864 bytes. Error detail: G1 virtual space
# Possible reasons:
#   The system is out of physical RAM or swap space
#   This process is running with CompressedOops enabled, and the Java Heap may be blocking the growth of the native heap
# Possible solutions:
#   Reduce memory load on the system
#   Increase physical memory or swap space
#   Check if swap backing store is full
#   Decrease Java heap size (-Xmx/-Xms)
#   Decrease number of Java threads
#   Decrease Java thread stack sizes (-Xss)
#   Set larger code cache with -XX:ReservedCodeCacheSize=
#   JVM is running with Unscaled Compressed Oops mode in which the Java heap is
#     placed in the first 4GB address space. The Java Heap base address is the
#     maximum limit for the native heap growth. Please use -XX:HeapBaseMinAddress
#     to set the Java Heap base and to place the Java Heap above 4GB virtual address.
# This output file may be truncated or incomplete.
#
#  Out of Memory Error (os_windows.cpp:3571), pid=64112, tid=32136
#
# JRE version:  (25.0.4+7) (build )
# Java VM: Java HotSpot(TM) 64-Bit Server VM (25.0.4+7-LTS-189, mixed mode, sharing, tiered, compressed oops, compressed class ptrs, g1 gc, windows-amd64)
# No core dump will be written. Minidumps are not enabled by default on client versions of Windows
#

---------------  S U M M A R Y ------------

Command Line: -Xmx64m -Xms64m -Dorg.gradle.appname=gradlew E:\Program Files\Tencent\AndrowsData\Mili\\gradle\wrapper\gradle-wrapper.jar :lmili-server:runDevServer --args=nogui

Host: Intel(R) Xeon(R) CPU E5-1620 v3 @ 3.50GHz, 8 cores, 7G,  Windows 10 , 64 bit Build 19041 (10.0.19041.2913)
Time: Tue Aug 25 19:57:24 2026 elapsed time: 0.020109 seconds (0d 0h 0m 0s)

---------------  T H R E A D  ---------------

Current thread (0x00000000005149b0):  JavaThread "Unknown thread" [_thread_in_vm, id=32136, stack(0x00000000020e0000,0x00000000021e0000) (1024K)]

Stack: [0x00000000020e0000,0x00000000021e0000]
Native frames: (J=compiled Java code, j=interpreted, Vv=VM code, C=native code)
V  [jvm.dll+0x7a8819]  (no source info available)
V  [jvm.dll+0x7743dd]  (no source info available)
V  [jvm.dll+0x967693]  (no source info available)
V  [jvm.dll+0x969c91]  (no source info available)
V  [jvm.dll+0x96a3a3]  (no source info available)
V  [jvm.dll+0x2fd0b6]  (no source info available)
V  [jvm.dll+0x7a4a15]  (no source info available)
V  [jvm.dll+0x797da7]  (no source info available)
V  [jvm.dll+0x3f5618]  (no source info available)
V  [jvm.dll+0x3fd566]  (no source info available)
V  [jvm.dll+0x3e9c0e]  (no source info available)
V  [jvm.dll+0x3e9ec8]  (no source info available)
V  [jvm.dll+0x3c0c15]  (no source info available)
V  [jvm.dll+0x3c189e]  (no source info available)
V  [jvm.dll+0x92e737]  (no source info available)
V  [jvm.dll+0x459c02]  (no source info available)
V  [jvm.dll+0x9120e2]  (no source info available)
V  [jvm.dll+0x4fa771]  (no source info available)
V  [jvm.dll+0x4fc001]  (no source info available)
C  [jli.dll+0x544a]  (no source info available)
C  [ucrtbase.dll+0x21bb2]  (no source info available)
C  [KERNEL32.DLL+0x17614]  (no source info available)
C  [ntdll.dll+0x526a1]  (no source info available)

Lock stack of current Java thread (top to bottom):


---------------  P R O C E S S  ---------------

Threads class SMR info:
_java_thread_list=0x00007ff846d26388, length=0, elements={
}

Java Threads: ( => current thread )
Total: 0

Other Threads:
  0x0000000002a98000 WorkerThread "GC Thread#0"                     [id=57288, stack(0x000000001a750000,0x000000001a850000) (1024K)]
  0x0000000002a9ace0 ConcurrentGCThread "G1 Main Marker"            [id=24376, stack(0x000000001a850000,0x000000001a950000) (1024K)]
  0x0000000002a9ca10 WorkerThread "G1 Conc#0"                       [id=55148, stack(0x000000001a950000,0x000000001aa50000) (1024K)]

[error occurred during error reporting (printing all threads), id 0xc0000005, EXCEPTION_ACCESS_VIOLATION (0xc0000005) at pc=0x00007ff846405bba]
VM state: not at safepoint (not fully initialized)

VM Mutex/Monitor currently owned by a thread:  ([mutex/lock_event])
[0x00007ff846daa848] Heap_lock - owner thread: 0x00000000005149b0

Heap address: 0x00000000fc000000, size: 64 MB, Compressed Oops mode: 32-bit

CDS archive(s) mapped at: [0x0000000000000000-0x0000000000000000-0x0000000000000000), size 0, SharedBaseAddress: 0x0000000800000000, ArchiveRelocationMode: 1.
UseCompressedClassPointers 1, UseCompactObjectHeaders 0
Narrow klass pointer bits 32, Max shift 3
Narrow klass base: 0xffffffffffffffff, Narrow klass shift: -1
Encoding Range: [0xffffffffffffffff - 0x000000007fffffff), (2147483648 bytes)
Klass Range:    [0x0000000000000000 - 0x0000000000000000), (0 bytes)
Klass ID Range:  [4294967295 - 0) (1)
No protection zone.

GC Precious Log:
 CardTable entry size: 512
 Card Set container configuration: InlinePtr #cards 5 size 8 Array Of Cards #cards 10 size 36 Howl #buckets 4 coarsen threshold 1843 Howl Bitmap #cards 512 size 80 coarsen threshold 460 Card regions per heap region 1 cards per card region 2048

Heap:
 garbage-first heap   total reserved 65536K, committed 0K, used 0K [0x00000000fc000000, 0x0000000100000000)
  region size 1024K, 0 young (0K), 0 survivors (0K)

Heap Regions: E=young(eden), S=young(survivor), O=old, HS=humongous(starts), HC=humongous(continues), CS=collection set, F=free, TAMS=top-at-mark-start, PB=parsable bottom

Card table byte_map: [0x00000000029d0000,0x00000000029f0000] _byte_map_base: 0x00000000021f0000

Marking Bits: (CMBitMap*) 0x0000000002a997a0
 Bits: [0x000000001a650000, 0x000000001a750000)

GC Heap Usage History (0 events):
No events

Metaspace Usage History (0 events):
No events

Dll operation events (1 events):
Event: 0.015 Loaded shared library C:\Users\Administrator\Downloads\jdk-25_windows-x64_bin\jdk-25.0.4\bin\java.dll

Deoptimization events (0 events):
No events

Classes loaded (0 events):
No events

Classes unloaded (0 events):
No events

Classes redefined (0 events):
No events

Internal exceptions (0 events):
No events

VM Operations (0 events):
No events

Memory protections (0 events):
No events

Nmethod flushes (0 events):
No events

Events (0 events):
No events


Dynamic libraries:
0x00007ff78c830000 - 0x00007ff78c840000 	C:\Users\Administrator\Downloads\jdk-25_windows-x64_bin\jdk-25.0.4\bin\java.exe
0x00007ff89ccb0000 - 0x00007ff89cea8000 	C:\WINDOWS\SYSTEM32\ntdll.dll
0x00007ff89b260000 - 0x00007ff89b31f000 	C:\WINDOWS\System32\KERNEL32.DLL
0x00007ff89a390000 - 0x00007ff89a686000 	C:\WINDOWS\System32\KERNELBASE.dll
0x00007ff89c050000 - 0x00007ff89c0ff000 	C:\WINDOWS\System32\ADVAPI32.DLL
0x00007ff89ae40000 - 0x00007ff89aede000 	C:\WINDOWS\System32\msvcrt.dll
0x00007ff89c860000 - 0x00007ff89c8fc000 	C:\WINDOWS\System32\sechost.dll
0x00007ff89ad10000 - 0x00007ff89ae36000 	C:\WINDOWS\System32\RPCRT4.dll
0x00007ff89a9f0000 - 0x00007ff89aaf0000 	C:\WINDOWS\System32\ucrtbase.dll
0x00007ff86b570000 - 0x00007ff86b58e000 	C:\Users\Administrator\Downloads\jdk-25_windows-x64_bin\jdk-25.0.4\bin\VCRUNTIME140.dll
0x00007ff86b550000 - 0x00007ff86b567000 	C:\Users\Administrator\Downloads\jdk-25_windows-x64_bin\jdk-25.0.4\bin\jli.dll
0x00007ff89bcd0000 - 0x00007ff89be6d000 	C:\WINDOWS\System32\USER32.dll
0x00007ff89acb0000 - 0x00007ff89acd2000 	C:\WINDOWS\System32\win32u.dll
0x00007ff89c830000 - 0x00007ff89c85c000 	C:\WINDOWS\System32\GDI32.dll
0x00007ff89a770000 - 0x00007ff89a885000 	C:\WINDOWS\System32\gdi32full.dll
0x00007ff89ab60000 - 0x00007ff89abfd000 	C:\WINDOWS\System32\msvcp_win.dll
0x00007ff88fdf0000 - 0x00007ff89008a000 	C:\WINDOWS\WinSxS\amd64_microsoft.windows.common-controls_6595b64144ccf1df_6.0.19041.1110_none_60b5254171f9507e\COMCTL32.dll
0x00007ff89ba70000 - 0x00007ff89baa0000 	C:\WINDOWS\System32\IMM32.DLL
0x00007ff885d10000 - 0x00007ff885d1c000 	C:\Users\Administrator\Downloads\jdk-25_windows-x64_bin\jdk-25.0.4\bin\vcruntime140_1.dll
0x00007ff86ae20000 - 0x00007ff86aead000 	C:\Users\Administrator\Downloads\jdk-25_windows-x64_bin\jdk-25.0.4\bin\msvcp140.dll
0x00007ff846030000 - 0x00007ff846e90000 	C:\Users\Administrator\Downloads\jdk-25_windows-x64_bin\jdk-25.0.4\bin\server\jvm.dll
0x00007ff89c7c0000 - 0x00007ff89c82b000 	C:\WINDOWS\System32\WS2_32.dll
0x00007ff894e60000 - 0x00007ff894e6a000 	C:\WINDOWS\SYSTEM32\VERSION.dll
0x00007ff8911a0000 - 0x00007ff8911c7000 	C:\WINDOWS\SYSTEM32\WINMM.dll
0x00007ff89a150000 - 0x00007ff89a19b000 	C:\WINDOWS\SYSTEM32\POWRPROF.dll
0x00007ff89a130000 - 0x00007ff89a142000 	C:\WINDOWS\SYSTEM32\UMPDC.dll
0x00007ff898150000 - 0x00007ff898162000 	C:\WINDOWS\SYSTEM32\kernel.appcore.dll
0x00007ff87c000000 - 0x00007ff87c00a000 	C:\Users\Administrator\Downloads\jdk-25_windows-x64_bin\jdk-25.0.4\bin\jimage.dll
0x00007ff888720000 - 0x00007ff888904000 	C:\WINDOWS\SYSTEM32\DBGHELP.DLL
0x00007ff888600000 - 0x00007ff888634000 	C:\WINDOWS\SYSTEM32\dbgcore.DLL
0x00007ff89a6e0000 - 0x00007ff89a762000 	C:\WINDOWS\System32\bcryptPrimitives.dll
0x00007ff86b530000 - 0x00007ff86b54f000 	C:\Users\Administrator\Downloads\jdk-25_windows-x64_bin\jdk-25.0.4\bin\java.dll
0x00007ff89bf20000 - 0x00007ff89c04a000 	C:\WINDOWS\System32\ole32.dll
0x00007ff89aef0000 - 0x00007ff89b244000 	C:\WINDOWS\System32\combase.dll
0x00007ff89b320000 - 0x00007ff89ba64000 	C:\WINDOWS\System32\SHELL32.dll

JVMTI agents: none

dbghelp: loaded successfully - version: 4.0.5 - missing functions: none
symbol engine: initialized successfully - sym options: 0x614 - pdb path: .;C:\Users\Administrator\Downloads\jdk-25_windows-x64_bin\jdk-25.0.4\bin;C:\WINDOWS\SYSTEM32;C:\WINDOWS\WinSxS\amd64_microsoft.windows.common-controls_6595b64144ccf1df_6.0.19041.1110_none_60b5254171f9507e;C:\Users\Administrator\Downloads\jdk-25_windows-x64_bin\jdk-25.0.4\bin\server

VM Arguments:
jvm_args: -Xmx64m -Xms64m -Dorg.gradle.appname=gradlew 
java_command: E:\Program Files\Tencent\AndrowsData\Mili\\gradle\wrapper\gradle-wrapper.jar :lmili-server:runDevServer --args=nogui
java_class_path (initial): E:\Program Files\Tencent\AndrowsData\Mili\\gradle\wrapper\gradle-wrapper.jar
Launcher Type: SUN_STANDARD

[Global flags]
     intx CICompilerCount                          = 4                                         {product} {ergonomic}
     uint ConcGCThreads                            = 2                                         {product} {ergonomic}
     uint G1ConcRefinementThreads                  = 8                                         {product} {ergonomic}
   size_t G1HeapRegionSize                         = 1048576                                   {product} {ergonomic}
   size_t InitialHeapSize                          = 67108864                                  {product} {command line}
   size_t MarkStackSize                            = 4194304                                   {product} {ergonomic}
   size_t MarkStackSizeMax                         = 536870912                                 {product} {ergonomic}
   size_t MaxHeapSize                              = 67108864                                  {product} {command line}
   size_t MinHeapDeltaBytes                        = 1048576                                   {product} {ergonomic}
   size_t MinHeapSize                              = 67108864                                  {product} {command line}
    uintx NonNMethodCodeHeapSize                   = 5832704                                {pd product} {ergonomic}
    uintx NonProfiledCodeHeapSize                  = 122945536                              {pd product} {ergonomic}
    uintx ProfiledCodeHeapSize                     = 122880000                              {pd product} {ergonomic}
    uintx ReservedCodeCacheSize                    = 251658240                              {pd product} {ergonomic}
     bool SegmentedCodeCache                       = true                                      {product} {ergonomic}
   size_t SoftMaxHeapSize                          = 67108864                               {manageable} {ergonomic}
     bool UseCompressedOops                        = true                           {product lp64_product} {ergonomic}
     bool UseG1GC                                  = true                                      {product} {ergonomic}
     bool UseLargePagesIndividualAllocation        = false                                  {pd product} {ergonomic}

Logging:
Log output configuration:
 #0: stdout all=warning uptime,level,tags foldmultilines=false
 #1: stderr all=off uptime,level,tags foldmultilines=false

Release file:
<release file has not been read>
Environment Variables:
JAVA_HOME=C:\Users\Administrator\Downloads\jdk-25_windows-x64_bin\jdk-25.0.4
PATH=C:\Users\Administrator\.meituan-catpaw\runtimes\powershell\versions\7.5.2;C:\Users\Administrator\.meituan-catpaw\runtimes\node\versions\24.18.0;C:\Users\Administrator\.meituan-catpaw\runtimes\python\versions\3.12.13;C:\Users\Administrator\.meituan-catpaw\runtimes\python\versions\3.12.13\Scripts;C:\Users\Administrator\.meituan-catpaw\runtimes\powershell\versions\7.5.2;C:\Users\Administrator\meituan\epassport\bin;C:\WINDOWS\system32;C:\WINDOWS;C:\WINDOWS\System32\Wbem;C:\WINDOWS\System32\WindowsPowerShell\v1.0\;C:\WINDOWS\System32\OpenSSH\;C:\Program Files\Git\cmd;C:\Program Files\dotnet\;D:\QoderCN\bin;C:\Program Files\Gpg4win\..\GnuPG\bin;C:\Program Files\nodejs\;C:\Users\Administrator\AppData\Roaming\npm;C:\Program Files\GitHub CLI\;C:\WINDOWS\system32;C:\WINDOWS;C:\WINDOWS\System32\Wbem;C:\WINDOWS\System32\WindowsPowerShell\v1.0\;C:\WINDOWS\System32\OpenSSH\;C:\Program Files\Git\cmd;C:\Program Files\dotnet\;D:\QoderCN\bin;C:\Program Files\Gpg4win\..\GnuPG\bin;C:\Program Files\nodejs\;C:\Users\Administrator\AppData\Roaming\npm;C:\Program Files\GitHub CLI\;C:\Users\Administrator\AppData\Local\hermes\bin;C:\Users\Administrator\.meituan-catpaw\bin;C:\Users\Administrator\.qoder\entry;C:\Users\Administrator\.cargo\bin;C:\Users\Administrator\AppData\Local\Programs\Python\Python312\Scripts\;C:\Users\Administrator\AppData\Local\Programs\Python\Python312\;C:\Users\Administrator\.local\bin;C:\Users\Administrator\AppData\Local\Microsoft\WindowsApps;C:\Program Files (x86)\Microsoft VS Code\bin;C:\Users\Administrator\AppData\Local\GitHubDesktop\bin;D:\IntelliJ IDEA 2026.2.1\bin;C:\Users\Administrator\.qoder\bin\qodercli;C:\Users\Administrator\AppData\Roaming\npm;D:\Zed\bin;C:\Users\Administrator\AppData\Local\Microsoft\WinGet\Links;C:\Users\Administrator\AppData\Local\Programs\Cua\cua-driver\bin;C:\Users\Administrator\AppData\Roaming\DSH Desktop\host-commands\desktop\bin
USERNAME=Administrator
LANG=zh_CN.UTF-8
OS=Windows_NT
PROCESSOR_IDENTIFIER=Intel64 Family 6 Model 63 Stepping 2, GenuineIntel
TMP=C:\Users\ADMINI~1\AppData\Local\Temp
TEMP=C:\Users\ADMINI~1\AppData\Local\Temp




Compilation memory statistics disabled.

Periodic native trim disabled

---------------  S Y S T E M  ---------------

OS:
 Windows 10 , 64 bit Build 19041 (10.0.19041.2913)
OS uptime: 24 days 8:36 hours
Hyper-V role detected

CPU: total 8 (initial active 8) (4 cores per cpu, 2 threads per core) family 6 model 63 stepping 2 microcode 0x43, cx8, cmov, fxsr, ht, mmx, sse, sse2, sse3, ssse3, sse4.1, sse4.2, popcnt, lzcnt, tsc, tscinvbit, avx, avx2, aes, erms, clmul, bmi1, bmi2, fma, vzeroupper, clflush, hv, rdtscp, f16c
Processor Information for processor 0
  Max Mhz: 3501, Current Mhz: 3501, Mhz Limit: 3501
Processor Information for processor 1
  Max Mhz: 3501, Current Mhz: 1500, Mhz Limit: 3501
Processor Information for processor 2
  Max Mhz: 3501, Current Mhz: 1500, Mhz Limit: 3501
Processor Information for processor 3
  Max Mhz: 3501, Current Mhz: 3501, Mhz Limit: 3501
Processor Information for processor 4
  Max Mhz: 3501, Current Mhz: 3501, Mhz Limit: 3501
Processor Information for processor 5
  Max Mhz: 3501, Current Mhz: 1200, Mhz Limit: 3501
Processor Information for processor 6
  Max Mhz: 3501, Current Mhz: 1900, Mhz Limit: 3501
Processor Information for processor 7
  Max Mhz: 3501, Current Mhz: 1900, Mhz Limit: 3501

Memory: 4k page, system-wide physical 8033M (469M free)
TotalPageFile size 23216M (AvailPageFile size 54M)
current process WorkingSet (physical memory assigned to process): 11M, peak: 11M
current process commit charge ("private bytes"): 60M, peak: 123M

vm_info: Java HotSpot(TM) 64-Bit Server VM (25.0.4+7-LTS-189) for windows-amd64 JRE (25.0.4+7-LTS-189), built on 2026-06-03T06:49:25Z with MS VC++ 17.13 (VS2022)

END.
